Component: ARM Compiler 5.06 update 6 (build 750) Tool: armlink [4d35ed]

==============================================================================

Section Cross References

    main.o(i.main) refers to _printf_percent.o(.ARM.Collect$$_printf_percent$$00000000) for _printf_percent
    main.o(i.main) refers to _printf_d.o(.ARM.Collect$$_printf_percent$$00000009) for _printf_d
    main.o(i.main) refers to _printf_dec.o(.text) for _printf_int_dec
    main.o(i.main) refers to _printf_s.o(.ARM.Collect$$_printf_percent$$00000014) for _printf_s
    main.o(i.main) refers to _printf_str.o(.text) for _printf_str
    main.o(i.main) refers to pll.o(i.PLL_Init120MHz) for PLL_Init120MHz
    main.o(i.main) refers to touchscreen.o(i.TouchScreen_Init) for TouchScreen_Init
    main.o(i.main) refers to pcf8523.o(i.PCF8523_I2C0_Init) for PCF8523_I2C0_Init
    main.o(i.main) refers to hx8357.o(i.HX8357_InitD) for HX8357_InitD
    main.o(i.main) refers to hx8357.o(i.HX8357_SetCursor) for HX8357_SetCursor
    main.o(i.main) refers to hx8357.o(i.HX8357_OutString) for HX8357_OutString
    main.o(i.main) refers to lv_obj.o(i.lv_init) for lv_init
    main.o(i.main) refers to lv_hal_disp.o(i.lv_disp_buf_init) for lv_disp_buf_init
    main.o(i.main) refers to lv_hal_disp.o(i.lv_disp_drv_init) for lv_disp_drv_init
    main.o(i.main) refers to lv_hal_disp.o(i.lv_disp_drv_register) for lv_disp_drv_register
    main.o(i.main) refers to lv_hal_disp.o(i.lv_disp_get_default) for lv_disp_get_default
    main.o(i.main) refers to lv_disp.o(i.lv_disp_get_scr_act) for lv_disp_get_scr_act
    main.o(i.main) refers to lv_btnm.o(i.lv_btnm_create) for lv_btnm_create
    main.o(i.main) refers to lv_btnm.o(i.lv_btnm_set_map) for lv_btnm_set_map
    main.o(i.main) refers to lv_obj.o(i.lv_obj_align) for lv_obj_align
    main.o(i.main) refers to uart0.o(i.UART0_Init) for UART0_Init
    main.o(i.main) refers to systick.o(i.SysTick_Init) for SysTick_Init
    main.o(i.main) refers to lv_task.o(i.lv_task_handler) for lv_task_handler
    main.o(i.main) refers to noretval__2printf.o(.text) for __2printf
    main.o(i.main) refers to pcf8523.o(i.setTimeAndDate) for setTimeAndDate
    main.o(i.main) refers to pcf8523.o(i.getTimeAndDate) for getTimeAndDate
    main.o(i.main) refers to pcf8523.o(i.bcd2arr) for bcd2arr
    main.o(i.main) refers to main.o(.emb_text) for Delay
    main.o(i.main) refers to systick.o(i.SysTick_Wait10ms) for SysTick_Wait10ms
    main.o(i.main) refers to main.o(.bss) for buf
    main.o(i.main) refers to main.o(i.my_disp_flush) for my_disp_flush
    main.o(i.main) refers to main.o(.data) for btnm_map
    main.o(i.main) refers to pcf8523.o(.data) for ack_ct
    main.o(i.my_disp_flush) refers to hx8357.o(i.HX8357_DrawPixel) for HX8357_DrawPixel
    main.o(i.my_disp_flush) refers to lv_hal_disp.o(i.lv_disp_flush_ready) for lv_disp_flush_ready
    main.o(.data) refers to main.o(.conststring) for .conststring
    fifo.o(i.Fifo_Get) refers to fifo.o(.data) for PutI
    fifo.o(i.Fifo_Get) refers to fifo.o(.bss) for Fifo
    fifo.o(i.Fifo_Init) refers to fifo.o(.data) for PutI
    fifo.o(i.Fifo_Put) refers to fifo.o(.data) for PutI
    fifo.o(i.Fifo_Put) refers to fifo.o(.bss) for Fifo
    touchscreen.o(i.TouchScreen_GetPoint) refers to touchscreen.o(i.pinMode) for pinMode
    touchscreen.o(i.TouchScreen_GetPoint) refers to touchscreen.o(i.digitalWrite) for digitalWrite
    touchscreen.o(i.TouchScreen_GetPoint) refers to adc0.o(i.ADC0_GetValue) for ADC0_GetValue
    touchscreen.o(i.TouchScreen_GetPoint) refers to adc1.o(i.ADC1_GetValue) for ADC1_GetValue
    touchscreen.o(i.TouchScreen_Init) refers to adc0.o(i.ADC0_InitTimer0ATriggerSeq3) for ADC0_InitTimer0ATriggerSeq3
    touchscreen.o(i.TouchScreen_Init) refers to adc1.o(i.ADC1_InitTimer0ATriggerSeq3) for ADC1_InitTimer0ATriggerSeq3
    touchscreen.o(i.pinMode) refers to adc0.o(i.ADC0_InitTimer0ATriggerSeq3) for ADC0_InitTimer0ATriggerSeq3
    touchscreen.o(i.pinMode) refers to adc0.o(i.ADC0_Disable) for ADC0_Disable
    touchscreen.o(i.pinMode) refers to startup_tm4c129.o(.text) for StartCritical
    touchscreen.o(i.pinMode) refers to adc1.o(i.ADC1_InitTimer0ATriggerSeq3) for ADC1_InitTimer0ATriggerSeq3
    touchscreen.o(i.pinMode) refers to adc1.o(i.ADC1_Disable) for ADC1_Disable
    hx8357.o(i.HX8357_DrawBitmap) refers to hx8357.o(i.setAddrWindow) for setAddrWindow
    hx8357.o(i.HX8357_DrawBitmap) refers to hx8357.o(i.writedata) for writedata
    hx8357.o(i.HX8357_DrawBitmap) refers to hx8357.o(.data) for _width
    hx8357.o(i.HX8357_DrawChar) refers to hx8357.o(i.setAddrWindow) for setAddrWindow
    hx8357.o(i.HX8357_DrawChar) refers to hx8357.o(i.pushColor) for pushColor
    hx8357.o(i.HX8357_DrawChar) refers to hx8357.o(.data) for _width
    hx8357.o(i.HX8357_DrawChar) refers to hx8357.o(.constdata) for Font
    hx8357.o(i.HX8357_DrawCharS) refers to hx8357.o(i.HX8357_DrawPixel) for HX8357_DrawPixel
[...]
    GPIOJ_Handler                            0x00000379   Thumb Code     2  startup_tm4c129.o(.text)
    GPIOK_Handler                            0x0000037b   Thumb Code     2  startup_tm4c129.o(.text)
    GPIOL_Handler                            0x0000037d   Thumb Code     2  startup_tm4c129.o(.text)
    SSI2_Handler                             0x0000037f   Thumb Code     2  startup_tm4c129.o(.text)
    SSI3_Handler                             0x00000381   Thumb Code     2  startup_tm4c129.o(.text)
    UART3_Handler                            0x00000383   Thumb Code     2  startup_tm4c129.o(.text)
    UART4_Handler                            0x00000385   Thumb Code     2  startup_tm4c129.o(.text)
    UART5_Handler                            0x00000387   Thumb Code     2  startup_tm4c129.o(.text)
    UART6_Handler                            0x00000389   Thumb Code     2  startup_tm4c129.o(.text)
    UART7_Handler                            0x0000038b   Thumb Code     2  startup_tm4c129.o(.text)
    I2C2_Handler                             0x0000038d   Thumb Code     2  startup_tm4c129.o(.text)
    I2C3_Handler                             0x0000038f   Thumb Code     2  startup_tm4c129.o(.text)
    TIMER4A_Handler                          0x00000391   Thumb Code     2  startup_tm4c129.o(.text)
    TIMER4B_Handler                          0x00000393   Thumb Code     2  startup_tm4c129.o(.text)
    TIMER5A_Handler                          0x00000395   Thumb Code     2  startup_tm4c129.o(.text)
    TIMER5B_Handler                          0x00000397   Thumb Code     2  startup_tm4c129.o(.text)
    WTIMER0A_Handler                         0x00000399   Thumb Code     2  startup_tm4c129.o(.text)
    WTIMER0B_Handler                         0x0000039b   Thumb Code     2  startup_tm4c129.o(.text)
    WTIMER1A_Handler                         0x0000039d   Thumb Code     2  startup_tm4c129.o(.text)
    WTIMER1B_Handler                         0x0000039f   Thumb Code     2  startup_tm4c129.o(.text)
    WTIMER2A_Handler                         0x000003a1   Thumb Code     2  startup_tm4c129.o(.text)
    WTIMER2B_Handler                         0x000003a3   Thumb Code     2  startup_tm4c129.o(.text)
    WTIMER3A_Handler                         0x000003a5   Thumb Code     2  startup_tm4c129.o(.text)
    WTIMER3B_Handler                         0x000003a7   Thumb Code     2  startup_tm4c129.o(.text)
    WTIMER4A_Handler                         0x000003a9   Thumb Code     2  startup_tm4c129.o(.text)
    WTIMER4B_Handler                         0x000003ab   Thumb Code     2  startup_tm4c129.o(.text)
    WTIMER5A_Handler                         0x000003ad   Thumb Code     2  startup_tm4c129.o(.text)
    WTIMER5B_Handler                         0x000003af   Thumb Code     2  startup_tm4c129.o(.text)
    FPU_Handler                              0x000003b1   Thumb Code     2  startup_tm4c129.o(.text)
    I2C4_Handler                             0x000003b3   Thumb Code     2  startup_tm4c129.o(.text)
    I2C5_Handler                             0x000003b5   Thumb Code     2  startup_tm4c129.o(.text)
    GPIOM_Handler                            0x000003b7   Thumb Code     2  startup_tm4c129.o(.text)
    GPION_Handler                            0x000003b9   Thumb Code     2  startup_tm4c129.o(.text)
    TAMPER_Handler                           0x000003bb   Thumb Code     2  startup_tm4c129.o(.text)
    GPIOP0_Handler                           0x000003bd   Thumb Code     2  startup_tm4c129.o(.text)
    GPIOP1_Handler                           0x000003bf   Thumb Code     2  startup_tm4c129.o(.text)
    GPIOP2_Handler                           0x000003c1   Thumb Code     2  startup_tm4c129.o(.text)
    GPIOP3_Handler                           0x000003c3   Thumb Code     2  startup_tm4c129.o(.text)
    GPIOP4_Handler                           0x000003c5   Thumb Code     2  startup_tm4c129.o(.text)
    GPIOP5_Handler                           0x000003c7   Thumb Code     2  startup_tm4c129.o(.text)
    GPIOP6_Handler                           0x000003c9   Thumb Code     2  startup_tm4c129.o(.text)
    GPIOP7_Handler                           0x000003cb   Thumb Code     2  startup_tm4c129.o(.text)
    GPIOQ0_Handler                           0x000003cd   Thumb Code     2  startup_tm4c129.o(.text)
    GPIOQ1_Handler                           0x000003cf   Thumb Code     2  startup_tm4c129.o(.text)
    GPIOQ2_Handler                           0x000003d1   Thumb Code     2  startup_tm4c129.o(.text)
    GPIOQ3_Handler                           0x000003d3   Thumb Code     2  startup_tm4c129.o(.text)
    GPIOQ4_Handler                           0x000003d5   Thumb Code     2  startup_tm4c129.o(.text)
    GPIOQ5_Handler                           0x000003d7   Thumb Code     2  startup_tm4c129.o(.text)
    GPIOQ6_Handler                           0x000003d9   Thumb Code     2  startup_tm4c129.o(.text)
    GPIOQ7_Handler                           0x000003db   Thumb Code     2  startup_tm4c129.o(.text)
    GPIOR_Handler                            0x000003dd   Thumb Code     2  startup_tm4c129.o(.text)
    GPIOS_Handler                            0x000003df   Thumb Code     2  startup_tm4c129.o(.text)
    SHAMD5_Handler                           0x000003e1   Thumb Code     2  startup_tm4c129.o(.text)
    AES_Handler                              0x000003e3   Thumb Code     2  startup_tm4c129.o(.text)
    DES3DES_Handler                          0x000003e5   Thumb Code     2  startup_tm4c129.o(.text)
    LCDCONTROLLER_Handler                    0x000003e7   Thumb Code     2  startup_tm4c129.o(.text)
    TIMER6A_Handler                          0x000003e9   Thumb Code     2  startup_tm4c129.o(.text)
    TIMER6B_Handler                          0x000003eb   Thumb Code     2  startup_tm4c129.o(.text)
    TIMER7A_Handler                          0x000003ed   Thumb Code     2  startup_tm4c129.o(.text)
    TIMER7B_Handler                          0x000003ef   Thumb Code     2  startup_tm4c129.o(.text)
    I2C6_Handler                             0x000003f1   Thumb Code     2  startup_tm4c129.o(.text)
    I2C7_Handler                             0x000003f3   Thumb Code     2  startup_tm4c129.o(.text)
    HIMSCANKEYBOARD_Handler                  0x000003f5   Thumb Code     2  startup_tm4c129.o(.text)
    ONEWIRE_Handler                          0x000003f7   Thumb Code     2  startup_tm4c129.o(.text)
    HIMPS2_Handler                           0x000003f9   Thumb Code     2  startup_tm4c129.o(.text)
    HIMLEDSEQUENCER_Handler                  0x000003fb   Thumb Code     2  startup_tm4c129.o(.text)
    HIMCONSUMERIR_Handler                    0x000003fd   Thumb Code     2  startup_tm4c129.o(.text)
    I2C8_Handler                             0x000003ff   Thumb Code     2  startup_tm4c129.o(.text)
    I2C9_Handler                             0x00000401   Thumb Code     2  startup_tm4c129.o(.text)
    GPIOT_Handler                            0x00000403   Thumb Code     2  startup_tm4c129.o(.text)
    DisableInterrupts                        0x0000040d   Thumb Code     0  startup_tm4c129.o(.text)
    EnableInterrupts                         0x00000411   Thumb Code     0  startup_tm4c129.o(.text)
    StartCritical                            0x00000415   Thumb Code     0  startup_tm4c129.o(.text)
    EndCritical                              0x0000041d   Thumb Code     0  startup_tm4c129.o(.text)
    WaitForInterrupt                         0x00000423   Thumb Code     0  startup_tm4c129.o(.text)
    __user_initial_stackheap                 0x00000427   Thumb Code     0  startup_tm4c129.o(.text)
    __2printf                                0x0000043d   Thumb Code    20  noretval__2printf.o(.text)
    __printf                                 0x00000455   Thumb Code   104  __printf.o(.text)
    _printf_str                              0x000004bd   Thumb Code    82  _printf_str.o(.text)
    _printf_int_dec                          0x00000511   Thumb Code   104  _printf_dec.o(.text)
    strlen                                   0x00000589   Thumb Code    62  strlen.o(.text)
    __aeabi_memcpy                           0x000005c7   Thumb Code     0  rt_memcpy_v6.o(.text)
    __rt_memcpy                              0x000005c7   Thumb Code   138  rt_memcpy_v6.o(.text)
    _memcpy_lastbytes                        0x0000062d   Thumb Code     0  rt_memcpy_v6.o(.text)
    __aeabi_memcpy4                          0x00000651   Thumb Code     0  rt_memcpy_w.o(.text)
    __aeabi_memcpy8                          0x00000651   Thumb Code     0  rt_memcpy_w.o(.text)
    __rt_memcpy_w                            0x00000651   Thumb Code   100  rt_memcpy_w.o(.text)
    _memcpy_lastbytes_aligned                0x00000699   Thumb Code     0  rt_memcpy_w.o(.text)
    __aeabi_memclr                           0x000006b5   Thumb Code     0  rt_memclr.o(.text)
    __rt_memclr                              0x000006b5   Thumb Code    68  rt_memclr.o(.text)
    _memset                                  0x000006b9   Thumb Code     0  rt_memclr.o(.text)
    __aeabi_memclr4                          0x000006f9   Thumb Code     0  rt_memclr_w.o(.text)
    __aeabi_memclr8                          0x000006f9   Thumb Code     0  rt_memclr_w.o(.text)
    __rt_memclr_w                            0x000006f9   Thumb Code    78  rt_memclr_w.o(.text)
    _memset_w                                0x000006fd   Thumb Code     0  rt_memclr_w.o(.text)
    strcmp                                   0x00000749   Thumb Code   128  strcmpv7m.o(.text)
    __use_two_region_memory                  0x000007c9   Thumb Code     2  heapauxi.o(.text)
    __rt_heap_escrow$2region                 0x000007cb   Thumb Code     2  heapauxi.o(.text)
    __rt_heap_expand$2region                 0x000007cd   Thumb Code     2  heapauxi.o(.text)
    _printf_int_common                       0x000007cf   Thumb Code   178  _printf_intcommon.o(.text)
    _printf_cs_common                        0x00000881   Thumb Code    20  _printf_char.o(.text)
    _printf_char                             0x00000895   Thumb Code    16  _printf_char.o(.text)
    _printf_string                           0x000008a5   Thumb Code     8  _printf_char.o(.text)
    _printf_char_file                        0x000008ad   Thumb Code    32  _printf_char_file.o(.text)
    _printf_char_common                      0x000008db   Thumb Code    32  _printf_char_common.o(.text)
    __user_setup_stackheap                   0x00000901   Thumb Code    74  sys_stackheap_outer.o(.text)
    exit                                     0x0000094b   Thumb Code    18  exit.o(.text)
    __user_libspace                          0x0000095d   Thumb Code     8  libspace.o(.text)
    __user_perproc_libspace                  0x0000095d   Thumb Code     0  libspace.o(.text)
    __user_perthread_libspace                0x0000095d   Thumb Code     0  libspace.o(.text)
    _sys_exit                                0x00000965   Thumb Code     8  sys_exit.o(.text)
    __I$use$semihosting                      0x00000971   Thumb Code     0  use_no_semi.o(.text)
    __use_no_semihosting_swi                 0x00000971   Thumb Code     2  use_no_semi.o(.text)
    __semihosting_library_function           0x00000973   Thumb Code     0  indicate_semi.o(.text)
    ADC0SS3_Handler                          0x00000975   Thumb Code    18  adc0.o(i.ADC0SS3_Handler)
    ADC0_InitTimer0ATriggerSeq3              0x00000991   Thumb Code  1120  adc0.o(i.ADC0_InitTimer0ATriggerSeq3)
    ADC1SS3_Handler                          0x00000df1   Thumb Code    18  adc1.o(i.ADC1SS3_Handler)
    ADC1_InitTimer0ATriggerSeq3              0x00000e0d   Thumb Code  1120  adc1.o(i.ADC1_InitTimer0ATriggerSeq3)
    Delay1ms                                 0x0000126d   Thumb Code    32  hx8357.o(i.Delay1ms)
    Fifo_Put                                 0x0000128d   Thumb Code    66  fifo.o(i.Fifo_Put)
    HX8357_DrawCharS                         0x000012dd   Thumb Code   236  hx8357.o(i.HX8357_DrawCharS)
    HX8357_DrawPixel                         0x000013d5   Thumb Code    60  hx8357.o(i.HX8357_DrawPixel)
    HX8357_DrawString                        0x00001419   Thumb Code    84  hx8357.o(i.HX8357_DrawString)
    HX8357_FillRect                          0x0000146d   Thumb Code   144  hx8357.o(i.HX8357_FillRect)
    HX8357_FillScreen                        0x00001505   Thumb Code    24  hx8357.o(i.HX8357_FillScreen)
    HX8357_InitD                             0x0000151d   Thumb Code    32  hx8357.o(i.HX8357_InitD)
    HX8357_OutChar                           0x00001545   Thumb Code   182  hx8357.o(i.HX8357_OutChar)
    HX8357_OutString                         0x00001611   Thumb Code    22  hx8357.o(i.HX8357_OutString)
    HX8357_SetCursor                         0x00001629   Thumb Code    22  hx8357.o(i.HX8357_SetCursor)
    I2C_RTC_Recv_List                        0x00001649   Thumb Code   234  pcf8523.o(i.I2C_RTC_Recv_List)
    I2C_RTC_Send_List                        0x00001741   Thumb Code   192  pcf8523.o(i.I2C_RTC_Send_List)
    PCF8523_I2C0_Init                        0x0000180d   Thumb Code   126  pcf8523.o(i.PCF8523_I2C0_Init)
    PLL_Init120MHz                           0x000018a1   Thumb Code    12  pll.o(i.PLL_Init120MHz)
    SSI0_Init                                0x000018b5   Thumb Code   262  ssi0.o(i.SSI0_Init)
    SSI0_SS_HIGH                             0x000019d9   Thumb Code    16  ssi0.o(i.SSI0_SS_HIGH)
    SSI0_write                               0x000019f1   Thumb Code    40  ssi0.o(i.SSI0_write)
    SysTick_Init                             0x00001bd5   Thumb Code    22  systick.o(i.SysTick_Init)
    SysTick_Wait                             0x00001beb   Thumb Code    30  systick.o(i.SysTick_Wait)
    SysTick_Wait10ms                         0x00001c09   Thumb Code    22  systick.o(i.SysTick_Wait10ms)
    SystemInit                               0x00001c25   Thumb Code    20  system_tm4c129.o(i.SystemInit)
    TIMER0A_Handler                          0x00001c45   Thumb Code    14  timer0a.o(i.TIMER0A_Handler)
    TouchScreen_Init                         0x00001c59   Thumb Code   102  touchscreen.o(i.TouchScreen_Init)
    UART0_Init                               0x00001cd5   Thumb Code   200  uart0.o(i.UART0_Init)
    UART0_OutChar                            0x00001db5   Thumb Code    20  uart0.o(i.UART0_OutChar)
    UART2_Handler                            0x00001dcd   Thumb Code    60  uart2.o(i.UART2_Handler)
    bcd2arr                                  0x0000213d   Thumb Code    22  pcf8523.o(i.bcd2arr)
    checkError                               0x000021ed   Thumb Code    30  pcf8523.o(i.checkError)
    ferror                                   0x0000248d   Thumb Code     8  hx8357.o(i.ferror)
    fputc                                    0x0000258b   Thumb Code    44  uart0.o(i.fputc)
    getTimeAndDate                           0x000025b9   Thumb Code    76  pcf8523.o(i.getTimeAndDate)
    lv_anim_core_init                        0x00002a51   Thumb Code    32  lv_anim.o(i.lv_anim_core_init)
    lv_area_get_size                         0x00002ac1   Thumb Code    34  lv_area.o(i.lv_area_get_size)
    lv_area_intersect                        0x00002b29   Thumb Code   130  lv_area.o(i.lv_area_intersect)
    lv_area_is_in                            0x00002bab   Thumb Code    58  lv_area.o(i.lv_area_is_in)
    lv_area_is_on                            0x00002be5   Thumb Code    58  lv_area.o(i.lv_area_is_on)
    lv_area_is_point_on                      0x00002c1f   Thumb Code    58  lv_area.o(i.lv_area_is_point_on)
    lv_area_join                             0x00002c59   Thumb Code   100  lv_area.o(i.lv_area_join)
    lv_area_set                              0x00002cbd   Thumb Code    14  lv_area.o(i.lv_area_set)
    lv_btnm_clear_btn_ctrl                   0x00002ccd   Thumb Code    76  lv_btnm.o(i.lv_btnm_clear_btn_ctrl)
    lv_btnm_clear_btn_ctrl_all               0x00002d29   Thumb Code    66  lv_btnm.o(i.lv_btnm_clear_btn_ctrl_all)
    lv_btnm_create                           0x00002d7d   Thumb Code   358  lv_btnm.o(i.lv_btnm_create)
    lv_btnm_get_btn_ctrl                     0x00003231   Thumb Code    70  lv_btnm.o(i.lv_btnm_get_btn_ctrl)
    lv_btnm_get_map_array                    0x00003289   Thumb Code    38  lv_btnm.o(i.lv_btnm_get_map_array)
    lv_btnm_get_style                        0x000032c1   Thumb Code    96  lv_btnm.o(i.lv_btnm_get_style)
    lv_btnm_set_btn_ctrl                     0x00003331   Thumb Code    76  lv_btnm.o(i.lv_btnm_set_btn_ctrl)
    lv_btnm_set_map                          0x0000338d   Thumb Code   676  lv_btnm.o(i.lv_btnm_set_map)
    lv_btnm_set_style                        0x00003645   Thumb Code   120  lv_btnm.o(i.lv_btnm_set_style)
    lv_circ_cont                             0x00003b7b   Thumb Code    22  lv_circ.o(i.lv_circ_cont)
    lv_circ_init                             0x00003b91   Thumb Code    16  lv_circ.o(i.lv_circ_init)
    lv_circ_next                             0x00003ba1   Thumb Code    60  lv_circ.o(i.lv_circ_next)
    lv_debug_check_null                      0x00003d3d   Thumb Code    12  lv_debug.o(i.lv_debug_check_null)
    lv_debug_check_style                     0x00003d49   Thumb Code    24  lv_debug.o(i.lv_debug_check_style)
    lv_debug_log_error                       0x00003d65   Thumb Code   120  lv_debug.o(i.lv_debug_log_error)
    lv_disp_buf_init                         0x00003de1   Thumb Code    34  lv_hal_disp.o(i.lv_disp_buf_init)
    lv_disp_drv_init                         0x00003e05   Thumb Code    72  lv_hal_disp.o(i.lv_disp_drv_init)
    lv_disp_drv_register                     0x00003e51   Thumb Code   216  lv_hal_disp.o(i.lv_disp_drv_register)
    lv_disp_flush_ready                      0x00003f49   Thumb Code    14  lv_hal_disp.o(i.lv_disp_flush_ready)
    lv_disp_get_antialiasing                 0x00003f57   Thumb Code    26  lv_hal_disp.o(i.lv_disp_get_antialiasing)
    lv_disp_get_buf                          0x00003f71   Thumb Code     6  lv_hal_disp.o(i.lv_disp_get_buf)
    lv_disp_get_default                      0x00003f79   Thumb Code     6  lv_hal_disp.o(i.lv_disp_get_default)
    lv_disp_get_hor_res                      0x00003f85   Thumb Code    40  lv_hal_disp.o(i.lv_disp_get_hor_res)
    lv_disp_get_layer_sys                    0x00003fad   Thumb Code    22  lv_disp.o(i.lv_disp_get_layer_sys)
    lv_disp_get_layer_top                    0x00003fc3   Thumb Code    22  lv_disp.o(i.lv_disp_get_layer_top)
    lv_disp_get_scr_act                      0x00003fd9   Thumb Code    22  lv_disp.o(i.lv_disp_get_scr_act)
    lv_disp_get_ver_res                      0x00003fef   Thumb Code    40  lv_hal_disp.o(i.lv_disp_get_ver_res)
    lv_disp_is_double_buf                    0x00004017   Thumb Code    22  lv_hal_disp.o(i.lv_disp_is_double_buf)
    lv_disp_is_true_double_buf               0x0000402d   Thumb Code    36  lv_hal_disp.o(i.lv_disp_is_true_double_buf)
    lv_disp_refr_task                        0x00004051   Thumb Code   344  lv_refr.o(i.lv_disp_refr_task)
    lv_draw_aa_get_opa                       0x000041b1   Thumb Code    48  lv_draw.o(i.lv_draw_aa_get_opa)
    lv_draw_fill                             0x00004229   Thumb Code   474  lv_draw_basic.o(i.lv_draw_fill)
    lv_draw_free_buf                         0x0000440d   Thumb Code    28  lv_draw.o(i.lv_draw_free_buf)
    lv_draw_get_buf                          0x00004431   Thumb Code   116  lv_draw.o(i.lv_draw_get_buf)
    lv_draw_label                            0x000044bd   Thumb Code  1324  lv_draw_label.o(i.lv_draw_label)
    lv_draw_letter                           0x000049f9   Thumb Code  1454  lv_draw_basic.o(i.lv_draw_letter)
    lv_draw_px                               0x00004fa7   Thumb Code   214  lv_draw_basic.o(i.lv_draw_px)
    lv_draw_rect                             0x0000507d   Thumb Code   144  lv_draw_rect.o(i.lv_draw_rect)
    lv_event_send                            0x00007c75   Thumb Code    58  lv_obj.o(i.lv_event_send)
    lv_event_send_func                       0x00007cc1   Thumb Code   168  lv_obj.o(i.lv_event_send_func)
    lv_font_get_bitmap_fmt_txt               0x00007d81   Thumb Code   226  lv_font_fmt_txt.o(i.lv_font_get_bitmap_fmt_txt)
    lv_font_get_glyph_bitmap                 0x00007e79   Thumb Code    16  lv_font.o(i.lv_font_get_glyph_bitmap)
    lv_font_get_glyph_dsc                    0x00007e89   Thumb Code    30  lv_font.o(i.lv_font_get_glyph_dsc)
    lv_font_get_glyph_dsc_fmt_txt            0x00007ea7   Thumb Code   132  lv_font_fmt_txt.o(i.lv_font_get_glyph_dsc_fmt_txt)
    lv_font_get_glyph_width                  0x00007f2b   Thumb Code    38  lv_font.o(i.lv_font_get_glyph_width)
    lv_fs_close                              0x00007f51   Thumb Code    50  lv_fs.o(i.lv_fs_close)
    lv_fs_get_drv                            0x00007f85   Thumb Code    42  lv_fs.o(i.lv_fs_get_drv)
    lv_fs_get_ext                            0x00007fb5   Thumb Code    54  lv_fs.o(i.lv_fs_get_ext)
    lv_fs_init                               0x00008019   Thumb Code    12  lv_fs.o(i.lv_fs_init)
    lv_fs_open                               0x00008029   Thumb Code   170  lv_fs.o(i.lv_fs_open)
    lv_fs_read                               0x000080e5   Thumb Code    72  lv_fs.o(i.lv_fs_read)
    lv_fs_seek                               0x0000812d   Thumb Code    40  lv_fs.o(i.lv_fs_seek)
    lv_group_add_obj                         0x00008155   Thumb Code   122  lv_group.o(i.lv_group_add_obj)
    lv_group_focus_next                      0x000081e1   Thumb Code    16  lv_group.o(i.lv_group_focus_next)
    lv_group_focus_prev                      0x000081f9   Thumb Code    16  lv_group.o(i.lv_group_focus_prev)
    lv_group_get_editing                     0x00008211   Thumb Code    18  lv_group.o(i.lv_group_get_editing)
    lv_group_get_focused                     0x00008223   Thumb Code    22  lv_group.o(i.lv_group_get_focused)
    lv_group_init                            0x00008239   Thumb Code    12  lv_group.o(i.lv_group_init)
    lv_group_mod_style                       0x00008249   Thumb Code    62  lv_group.o(i.lv_group_mod_style)
    lv_img_cache_invalidate_src              0x000082cd   Thumb Code    94  lv_img_cache.o(i.lv_img_cache_invalidate_src)
    lv_img_cache_set_size                    0x00008335   Thumb Code   138  lv_img_cache.o(i.lv_img_cache_set_size)
    lv_img_color_format_get_px_size          0x000083d9   Thumb Code    76  lv_draw_img.o(i.lv_img_color_format_get_px_size)
    lv_img_decoder_built_in_close            0x00008425   Thumb Code    48  lv_img_decoder.o(i.lv_img_decoder_built_in_close)
    lv_img_decoder_built_in_info             0x00008455   Thumb Code   186  lv_img_decoder.o(i.lv_img_decoder_built_in_info)
    lv_img_decoder_built_in_open             0x00008909   Thumb Code   510  lv_img_decoder.o(i.lv_img_decoder_built_in_open)
    lv_img_decoder_built_in_read_line        0x00008b1d   Thumb Code   200  lv_img_decoder.o(i.lv_img_decoder_built_in_read_line)
    lv_img_decoder_close                     0x00008be5   Thumb Code    40  lv_img_decoder.o(i.lv_img_decoder_close)
    lv_img_decoder_create                    0x00008c0d   Thumb Code    52  lv_img_decoder.o(i.lv_img_decoder_create)
    lv_img_decoder_init                      0x00008c55   Thumb Code    78  lv_img_decoder.o(i.lv_img_decoder_init)
    lv_img_decoder_set_close_cb              0x00008cc9   Thumb Code     4  lv_img_decoder.o(i.lv_img_decoder_set_close_cb)
    lv_img_decoder_set_info_cb               0x00008ccd   Thumb Code     4  lv_img_decoder.o(i.lv_img_decoder_set_info_cb)
    lv_img_decoder_set_open_cb               0x00008cd1   Thumb Code     4  lv_img_decoder.o(i.lv_img_decoder_set_open_cb)
    lv_img_decoder_set_read_line_cb          0x00008cd5   Thumb Code     4  lv_img_decoder.o(i.lv_img_decoder_set_read_line_cb)
    lv_img_src_get_type                      0x00008cd9   Thumb Code    42  lv_draw_img.o(i.lv_img_src_get_type)
    lv_indev_get_act                         0x00008d05   Thumb Code     6  lv_indev.o(i.lv_indev_get_act)
    lv_indev_get_next                        0x00008d11   Thumb Code    24  lv_hal_indev.o(i.lv_indev_get_next)
    lv_indev_get_point                       0x00008d2d   Thumb Code    32  lv_indev.o(i.lv_indev_get_point)
    lv_indev_get_type                        0x00008d4d   Thumb Code    12  lv_indev.o(i.lv_indev_get_type)
    lv_indev_init                            0x00008d59   Thumb Code    10  lv_indev.o(i.lv_indev_init)
    lv_indev_reset                           0x00008d63   Thumb Code    62  lv_indev.o(i.lv_indev_reset)
    lv_indev_reset_long_press                0x00008da1   Thumb Code    30  lv_indev.o(i.lv_indev_reset_long_press)
    lv_init                                  0x00008dc1   Thumb Code    80  lv_obj.o(i.lv_init)
    lv_inv_area                              0x00008e1d   Thumb Code   222  lv_refr.o(i.lv_inv_area)
    lv_ll_chg_list                           0x00008efb   Thumb Code   112  lv_ll.o(i.lv_ll_chg_list)
    lv_ll_get_head                           0x00008f6b   Thumb Code    10  lv_ll.o(i.lv_ll_get_head)
    lv_ll_get_next                           0x00008f75   Thumb Code    22  lv_ll.o(i.lv_ll_get_next)
    lv_ll_get_prev                           0x00008f8b   Thumb Code    20  lv_ll.o(i.lv_ll_get_prev)
    lv_ll_get_tail                           0x00008f9f   Thumb Code    10  lv_ll.o(i.lv_ll_get_tail)
    lv_ll_init                               0x00008fa9   Thumb Code    22  lv_ll.o(i.lv_ll_init)
    lv_ll_ins_head                           0x00008fbf   Thumb Code    64  lv_ll.o(i.lv_ll_ins_head)
    lv_ll_ins_prev                           0x00008fff   Thumb Code   114  lv_ll.o(i.lv_ll_ins_prev)
    lv_ll_ins_tail                           0x00009071   Thumb Code    70  lv_ll.o(i.lv_ll_ins_tail)
    lv_ll_move_before                        0x000090b7   Thumb Code   106  lv_ll.o(i.lv_ll_move_before)
    lv_ll_rem                                0x00009121   Thumb Code   138  lv_ll.o(i.lv_ll_rem)
    lv_mem_alloc                             0x000091ad   Thumb Code    58  lv_mem.o(i.lv_mem_alloc)
    lv_mem_free                              0x000091ed   Thumb Code    88  lv_mem.o(i.lv_mem_free)
    lv_mem_get_size                          0x00009249   Thumb Code    26  lv_mem.o(i.lv_mem_get_size)
    lv_mem_init                              0x00009269   Thumb Code    32  lv_mem.o(i.lv_mem_init)
    lv_mem_realloc                           0x00009291   Thumb Code   108  lv_mem.o(i.lv_mem_realloc)
    lv_obj_align                             0x000092fd   Thumb Code   992  lv_obj.o(i.lv_obj_align)
    lv_obj_align_origo                       0x000096ed   Thumb Code   804  lv_obj.o(i.lv_obj_align_origo)
    lv_obj_allocate_ext_attr                 0x00009a21   Thumb Code    42  lv_obj.o(i.lv_obj_allocate_ext_attr)
    lv_obj_create                            0x00009a5d   Thumb Code   856  lv_obj.o(i.lv_obj_create)
    lv_obj_get_base_dir                      0x00009eab   Thumb Code     6  lv_obj.o(i.lv_obj_get_base_dir)
    lv_obj_get_child                         0x00009eb1   Thumb Code    56  lv_obj.o(i.lv_obj_get_child)
    lv_obj_get_coords                        0x00009ef9   Thumb Code    40  lv_obj.o(i.lv_obj_get_coords)
    lv_obj_get_design_cb                     0x00009f31   Thumb Code    30  lv_obj.o(i.lv_obj_get_design_cb)
    lv_obj_get_disp                          0x00009f61   Thumb Code   110  lv_obj.o(i.lv_obj_get_disp)
    lv_obj_get_ext_attr                      0x00009fe5   Thumb Code    30  lv_obj.o(i.lv_obj_get_ext_attr)
    lv_obj_get_group                         0x0000a015   Thumb Code    30  lv_obj.o(i.lv_obj_get_group)
    lv_obj_get_height                        0x0000a045   Thumb Code    40  lv_obj.o(i.lv_obj_get_height)
    lv_obj_get_hidden                        0x0000a07d   Thumb Code    36  lv_obj.o(i.lv_obj_get_hidden)
    lv_obj_get_opa_scale                     0x0000a0b1   Thumb Code    62  lv_obj.o(i.lv_obj_get_opa_scale)
    lv_obj_get_parent                        0x0000a101   Thumb Code    30  lv_obj.o(i.lv_obj_get_parent)
    lv_obj_get_screen                        0x0000a131   Thumb Code    48  lv_obj.o(i.lv_obj_get_screen)
    lv_obj_get_signal_cb                     0x0000a171   Thumb Code    30  lv_obj.o(i.lv_obj_get_signal_cb)
    lv_obj_get_style                         0x0000a1a1   Thumb Code   130  lv_obj.o(i.lv_obj_get_style)
    lv_obj_get_width                         0x0000a239   Thumb Code    40  lv_obj.o(i.lv_obj_get_width)
    lv_obj_get_x                             0x0000a271   Thumb Code    54  lv_obj.o(i.lv_obj_get_x)
    lv_obj_get_y                             0x0000a2b9   Thumb Code    54  lv_obj.o(i.lv_obj_get_y)
    lv_obj_handle_get_type_signal            0x0000a301   Thumb Code    34  lv_obj.o(i.lv_obj_handle_get_type_signal)
    lv_obj_invalidate                        0x0000a325   Thumb Code   228  lv_obj.o(i.lv_obj_invalidate)
    lv_obj_is_focused                        0x0000a419   Thumb Code    48  lv_obj.o(i.lv_obj_is_focused)
    lv_obj_is_protected                      0x0000a459   Thumb Code    44  lv_obj.o(i.lv_obj_is_protected)
    lv_obj_move_foreground                   0x0000a495   Thumb Code    84  lv_obj.o(i.lv_obj_move_foreground)
    lv_obj_realign                           0x0000a4f9   Thumb Code    84  lv_obj.o(i.lv_obj_realign)
    lv_obj_refresh_ext_draw_pad              0x0000a55d   Thumb Code    48  lv_obj.o(i.lv_obj_refresh_ext_draw_pad)
    lv_obj_refresh_style                     0x0000a59d   Thumb Code    50  lv_obj.o(i.lv_obj_refresh_style)
    lv_obj_set_design_cb                     0x0000a5e1   Thumb Code    32  lv_obj.o(i.lv_obj_set_design_cb)
    lv_obj_set_pos                           0x0000a611   Thumb Code   184  lv_obj.o(i.lv_obj_set_pos)
    lv_obj_set_signal_cb                     0x0000a6d9   Thumb Code    32  lv_obj.o(i.lv_obj_set_signal_cb)
    lv_obj_set_size                          0x0000a709   Thumb Code   202  lv_obj.o(i.lv_obj_set_size)
    lv_obj_set_style                         0x0000a7e5   Thumb Code    66  lv_obj.o(i.lv_obj_set_style)
    lv_refr_get_disp_refreshing              0x0000aaf1   Thumb Code     6  lv_refr.o(i.lv_refr_get_disp_refreshing)
    lv_refr_init                             0x0000ab7b   Thumb Code     2  lv_refr.o(i.lv_refr_init)
    lv_style_copy                            0x0000ae29   Thumb Code    18  lv_style.o(i.lv_style_copy)
    lv_style_init                            0x0000ae3d   Thumb Code  1360  lv_style.o(i.lv_style_init)
    lv_task_core_init                        0x0000b39d   Thumb Code    18  lv_task.o(i.lv_task_core_init)
    lv_task_create                           0x0000b3b5   Thumb Code    78  lv_task.o(i.lv_task_create)
    lv_task_create_basic                     0x0000b415   Thumb Code   206  lv_task.o(i.lv_task_create_basic)
    lv_task_del                              0x0000b4fd   Thumb Code    34  lv_task.o(i.lv_task_del)
    lv_task_enable                           0x0000b52d   Thumb Code     6  lv_task.o(i.lv_task_enable)
    lv_task_handler                          0x0000b589   Thumb Code   354  lv_task.o(i.lv_task_handler)
    lv_task_ready                            0x0000b715   Thumb Code    18  lv_task.o(i.lv_task_ready)
    lv_task_set_cb                           0x0000b727   Thumb Code     4  lv_task.o(i.lv_task_set_cb)
    lv_task_set_period                       0x0000b72b   Thumb Code     4  lv_task.o(i.lv_task_set_period)
    lv_task_set_prio                         0x0000b731   Thumb Code    94  lv_task.o(i.lv_task_set_prio)
    lv_theme_get_current                     0x0000b795   Thumb Code     6  lv_theme.o(i.lv_theme_get_current)
    lv_tick_elaps                            0x0000b7a1   Thumb Code    26  lv_hal_tick.o(i.lv_tick_elaps)
    lv_tick_get                              0x0000b7bd   Thumb Code    22  lv_hal_tick.o(i.lv_tick_get)
    lv_tick_inc                              0x0000b7dd   Thumb Code    18  lv_hal_tick.o(i.lv_tick_inc)
    lv_txt_get_next_line                     0x0000b7f9   Thumb Code   182  lv_txt.o(i.lv_txt_get_next_line)
    lv_txt_get_size                          0x0000ba51   Thumb Code   204  lv_txt.o(i.lv_txt_get_size)
    lv_txt_get_width                         0x0000bb1d   Thumb Code   140  lv_txt.o(i.lv_txt_get_width)
    lv_txt_is_cmd                            0x0000bbad   Thumb Code    66  lv_txt.o(i.lv_txt_is_cmd)
    lv_utils_bsearch                         0x0000bf45   Thumb Code    84  lv_utils.o(i.lv_utils_bsearch)
    main                                     0x0000bf99   Thumb Code   484  main.o(i.main)
    my_disp_flush                            0x0000c2cb   Thumb Code    64  main.o(i.my_disp_flush)
    setAddrWindow                            0x0000c5d9   Thumb Code   106  hx8357.o(i.setAddrWindow)
    setTimeAndDate                           0x0000c643   Thumb Code    64  pcf8523.o(i.setTimeAndDate)
    _fp_init                                 0x0000c81d   Thumb Code    10  fpinit.o(x$fpl$fpinit)
    __fplib_config_fpu_vfp                   0x0000c825   Thumb Code     0  fpinit.o(x$fpl$fpinit)
    __fplib_config_pureend_doubles           0x0000c825   Thumb Code     0  fpinit.o(x$fpl$fpinit)
    dBfs                                     0x0000cdd5   Data         512  hx8357.o(.constdata)
    Region$$Table$$Base                      0x00010578   Number         0  anon$$obj.o(Region$$Table)
    Region$$Table$$Limit                     0x00010598   Number         0  anon$$obj.o(Region$$Table)
    stat                                     0x20000000   Data           4  main.o(.data)
    i                                        0x20000004   Data           4  main.o(.data)
    StX                                      0x2000004c   Data           4  hx8357.o(.data)
    StY                                      0x20000050   Data           4  hx8357.o(.data)
    StTextColor                              0x20000054   Data           2  hx8357.o(.data)
    Messageindex                             0x2000005c   Data           4  hx8357.o(.data)
    Ymax                                     0x20000060   Data           4  hx8357.o(.data)
    Ymin                                     0x20000064   Data           4  hx8357.o(.data)
    X                                        0x20000068   Data           4  hx8357.o(.data)
    Yrange                                   0x2000006c   Data           4  hx8357.o(.data)
    lastj                                    0x20000070   Data           4  hx8357.o(.data)
    ack_ct                                   0x20000074   Data           4  pcf8523.o(.data)
    err_code                                 0x20000078   Data           1  pcf8523.o(.data)
    day_string                               0x20000079   Data          35  pcf8523.o(.data)
    __stdout                                 0x200000a4   Data           4  uart0.o(.data)
    __stdin                                  0x200000a8   Data           4  uart0.o(.data)
    lv_font_roboto_16                        0x20000120   Data          16  lv_font_roboto_16.o(.data)
    _lv_img_cache_array                      0x20000144   Data           4  lv_gc.o(.data)
    _lv_task_act                             0x20000148   Data           4  lv_gc.o(.data)
    _lv_draw_buf                             0x2000014c   Data           4  lv_gc.o(.data)
    lv_txt_encoded_size                      0x2000016c   Data           4  lv_txt.o(.data)
    lv_txt_unicode_to_encoded                0x20000170   Data           4  lv_txt.o(.data)
    lv_txt_encoded_conv_wc                   0x20000174   Data           4  lv_txt.o(.data)
    lv_txt_encoded_next                      0x20000178   Data           4  lv_txt.o(.data)
    lv_txt_encoded_prev                      0x2000017c   Data           4  lv_txt.o(.data)
    lv_txt_encoded_get_byte_id               0x20000180   Data           4  lv_txt.o(.data)
    lv_txt_encoded_get_char_id               0x20000184   Data           4  lv_txt.o(.data)
    lv_txt_get_encoded_length                0x20000188   Data           4  lv_txt.o(.data)
    SystemCoreClock                          0x200001b4   Data           4  system_tm4c129.o(.data)
    dateTime                                 0x200001b8   Data          16  main.o(.bss)
    point                                    0x200001c8   Data          12  main.o(.bss)
    lv_style_scr                             0x20001b30   Data          64  lv_style.o(.bss)
    lv_style_transp                          0x20001b70   Data          64  lv_style.o(.bss)
    lv_style_transp_fit                      0x20001bb0   Data          64  lv_style.o(.bss)
    lv_style_transp_tight                    0x20001bf0   Data          64  lv_style.o(.bss)
    lv_style_plain                           0x20001c30   Data          64  lv_style.o(.bss)
    lv_style_plain_color                     0x20001c70   Data          64  lv_style.o(.bss)
    lv_style_pretty                          0x20001cb0   Data          64  lv_style.o(.bss)
    lv_style_pretty_color                    0x20001cf0   Data          64  lv_style.o(.bss)
    lv_style_btn_rel                         0x20001d30   Data          64  lv_style.o(.bss)
    lv_style_btn_pr                          0x20001d70   Data          64  lv_style.o(.bss)
    lv_style_btn_tgl_rel                     0x20001db0   Data          64  lv_style.o(.bss)
    lv_style_btn_tgl_pr                      0x20001df0   Data          64  lv_style.o(.bss)
    lv_style_btn_ina                         0x20001e30   Data          64  lv_style.o(.bss)
    _lv_task_ll                              0x200020f0   Data          12  lv_gc.o(.bss)
    _lv_disp_ll                              0x200020fc   Data          12  lv_gc.o(.bss)
    _lv_indev_ll                             0x20002108   Data          12  lv_gc.o(.bss)
    _lv_drv_ll                               0x20002114   Data          12  lv_gc.o(.bss)
    _lv_file_ll                              0x20002120   Data          12  lv_gc.o(.bss)
    _lv_anim_ll                              0x2000212c   Data          12  lv_gc.o(.bss)
    _lv_group_ll                             0x20002138   Data          12  lv_gc.o(.bss)
    _lv_img_defoder_ll                       0x20002144   Data          12  lv_gc.o(.bss)
    __libspace_start                         0x2000a150   Data          96  libspace.o(.bss)
    __temporary_stack_top$libspace           0x2000a1b0   Data           0  libspace.o(.bss)



==============================================================================

Memory Map of the image

  Image Entry point : 0x00000201

  Load Region LR_IROM1 (Base: 0x00000000, Size: 0x00010750, Max: 0x00100000, ABSOLUTE, COMPRESSED[0x0001065c])

    Execution Region ER_IROM1 (Exec base: 0x00000000, Load base: 0x00000000, Size: 0x00010598, Max: 0x00100000, ABSOLUTE)

    Exec Addr    Load Addr    Size         Type   Attr      Idx    E Section Name        Object

    0x00000000   0x00000000   0x00000200   Data   RO        11032    RESET               startup_tm4c129.o
    0x00000200   0x00000200   0x00000008   Code   RO        11139  * !!!main             c_w.l(__main.o)
    0x00000208   0x00000208   0x00000034   Code   RO        11360    !!!scatter          c_w.l(__scatter.o)
    0x0000023c   0x0000023c   0x0000005a   Code   RO        11358    !!dczerorl2         c_w.l(__dczerorl2.o)
    0x00000296   0x00000296   0x00000002   PAD
    0x00000298   0x00000298   0x0000001c   Code   RO        11362    !!handler_zi        c_w.l(__scatter_zi.o)
    0x000002b4   0x000002b4   0x00000000   Code   RO        11120    .ARM.Collect$$_printf_percent$$00000000  c_w.l(_printf_percent.o)
    0x000002b4   0x000002b4   0x00000006   Code   RO        11119    .ARM.Collect$$_printf_percent$$00000009  c_w.l(_printf_d.o)
    0x000002ba   0x000002ba   0x00000006   Code   RO        11118    .ARM.Collect$$_printf_percent$$00000014  c_w.l(_printf_s.o)
    0x000002c0   0x000002c0   0x00000004   Code   RO        11186    .ARM.Collect$$_printf_percent$$00000017  c_w.l(_printf_percent_end.o)
    0x000002c4   0x000002c4   0x00000002   Code   RO        11228    .ARM.Collect$$libinit$$00000000  c_w.l(libinit.o)
    0x000002c6   0x000002c6   0x00000004   Code   RO        11240    .ARM.Collect$$libinit$$00000001  c_w.l(libinit2.o)
    0x000002ca   0x000002ca   0x00000000   Code   RO        11243    .ARM.Collect$$libinit$$00000004  c_w.l(libinit2.o)
    0x000002ca   0x000002ca   0x00000000   Code   RO        11246    .ARM.Collect$$libinit$$0000000A  c_w.l(libinit2.o)
    0x000002ca   0x000002ca   0x00000000   Code   RO        11248    .ARM.Collect$$libinit$$0000000C  c_w.l(libinit2.o)
    0x000002ca   0x000002ca   0x00000000   Code   RO        11250    .ARM.Collect$$libinit$$0000000E  c_w.l(libinit2.o)
    0x000002ca   0x000002ca   0x00000000   Code   RO        11253    .ARM.Collect$$libinit$$00000011  c_w.l(libinit2.o)
    0x000002ca   0x000002ca   0x00000000   Code   RO        11255    .ARM.Collect$$libinit$$00000013  c_w.l(libinit2.o)
    0x000002ca   0x000002ca   0x00000000   Code   RO        11257    .ARM.Collect$$libinit$$00000015  c_w.l(libinit2.o)
    0x000002ca   0x000002ca   0x00000000   Code   RO        11259    .ARM.Collect$$libinit$$00000017  c_w.l(libinit2.o)
    0x000002ca   0x000002ca   0x00000000   Code   RO        11261    .ARM.Collect$$libinit$$00000019  c_w.l(libinit2.o)
    0x000002ca   0x000002ca   0x00000000   Code   RO        11263    .ARM.Collect$$libinit$$0000001B  c_w.l(libinit2.o)
    0x000002ca   0x000002ca   0x00000000   Code   RO        11265    .ARM.Collect$$libinit$$0000001D  c_w.l(libinit2.o)
    0x000002ca   0x000002ca   0x00000000   Code   RO        11267    .ARM.Collect$$libinit$$0000001F  c_w.l(libinit2.o)
    0x000002ca   0x000002ca   0x00000000   Code   RO        11269    .ARM.Collect$$libinit$$00000021  c_w.l(libinit2.o)
    0x000002ca   0x000002ca   0x00000000   Code   RO        11271    .ARM.Collect$$libinit$$00000023  c_w.l(libinit2.o)
    0x000002ca   0x000002ca   0x00000000   Code   RO        11273    .ARM.Collect$$libinit$$00000025  c_w.l(libinit2.o)
    0x000002ca   0x000002ca   0x00000000   Code   RO        11277    .ARM.Collect$$libinit$$0000002C  c_w.l(libinit2.o)
    0x000002ca   0x000002ca   0x00000000   Code   RO        11279    .ARM.Collect$$libinit$$0000002E  c_w.l(libinit2.o)
    0x000002ca   0x000002ca   0x00000000   Code   RO        11281    .ARM.Collect$$libinit$$00000030  c_w.l(libinit2.o)
    0x000002ca   0x000002ca   0x00000000   Code   RO        11283    .ARM.Collect$$libinit$$00000032  c_w.l(libinit2.o)
    0x000002ca   0x000002ca   0x00000002   Code   RO        11284    .ARM.Collect$$libinit$$00000033  c_w.l(libinit2.o)
    0x000002cc   0x000002cc   0x00000002   Code   RO        11315    .ARM.Collect$$libshutdown$$00000000  c_w.l(libshutdown.o)
    0x000002ce   0x000002ce   0x00000000   Code   RO        11341    .ARM.Collect$$libshutdown$$00000002  c_w.l(libshutdown2.o)
    0x000002ce   0x000002ce   0x00000000   Code   RO        11343    .ARM.Collect$$libshutdown$$00000004  c_w.l(libshutdown2.o)
    0x000002ce   0x000002ce   0x00000000   Code   RO        11346    .ARM.Collect$$libshutdown$$00000007  c_w.l(libshutdown2.o)
    0x000002ce   0x000002ce   0x00000000   Code   RO        11349    .ARM.Collect$$libshutdown$$0000000A  c_w.l(libshutdown2.o)
    0x000002ce   0x000002ce   0x00000000   Code   RO        11351    .ARM.Collect$$libshutdown$$0000000C  c_w.l(libshutdown2.o)
    0x000002ce   0x000002ce   0x00000000   Code   RO        11354    .ARM.Collect$$libshutdown$$0000000F  c_w.l(libshutdown2.o)
    0x000002ce   0x000002ce   0x00000002   Code   RO        11355    .ARM.Collect$$libshutdown$$00000010  c_w.l(libshutdown2.o)
    0x000002d0   0x000002d0   0x00000000   Code   RO        11175    .ARM.Collect$$rtentry$$00000000  c_w.l(__rtentry.o)
    0x000002d0   0x000002d0   0x00000000   Code   RO        11195    .ARM.Collect$$rtentry$$00000002  c_w.l(__rtentry2.o)
    0x000002d0   0x000002d0   0x00000006   Code   RO        11207    .ARM.Collect$$rtentry$$00000004  c_w.l(__rtentry4.o)
    0x000002d6   0x000002d6   0x00000000   Code   RO        11197    .ARM.Collect$$rtentry$$00000009  c_w.l(__rtentry2.o)
    0x000002d6   0x000002d6   0x00000004   Code   RO        11198    .ARM.Collect$$rtentry$$0000000A  c_w.l(__rtentry2.o)
    0x000002da   0x000002da   0x00000000   Code   RO        11200    .ARM.Collect$$rtentry$$0000000C  c_w.l(__rtentry2.o)
    0x000002da   0x000002da   0x00000008   Code   RO        11201    .ARM.Collect$$rtentry$$0000000D  c_w.l(__rtentry2.o)
    0x000002e2   0x000002e2   0x00000002   Code   RO        11232    .ARM.Collect$$rtexit$$00000000  c_w.l(rtexit.o)
    0x000002e4   0x000002e4   0x00000000   Code   RO        11288    .ARM.Collect$$rtexit$$00000002  c_w.l(rtexit2.o)
    0x000002e4   0x000002e4   0x00000004   Code   RO        11289    .ARM.Collect$$rtexit$$00000003  c_w.l(rtexit2.o)
    0x000002e8   0x000002e8   0x00000006   Code   RO        11290    .ARM.Collect$$rtexit$$00000004  c_w.l(rtexit2.o)
    0x000002ee   0x000002ee   0x00000002   PAD
    0x000002f0   0x000002f0   0x00000006   Code   RO            4    .emb_text           main.o
    0x000002f6   0x000002f6   0x00000002   PAD
    0x000002f8   0x000002f8   0x00000144   Code   RO        11033    .text               startup_tm4c129.o
    0x0000043c   0x0000043c   0x00000018   Code   RO        11089    .text               c_w.l(noretval__2printf.o)
    0x00000454   0x00000454   0x00000068   Code   RO        11091    .text               c_w.l(__printf.o)
    0x000004bc   0x000004bc   0x00000052   Code   RO        11093    .text               c_w.l(_printf_str.o)
    0x0000050e   0x0000050e   0x00000002   PAD
    0x00000510   0x00000510   0x00000078   Code   RO        11095    .text               c_w.l(_printf_dec.o)
    0x00000588   0x00000588   0x0000003e   Code   RO        11123    .text               c_w.l(strlen.o)
    0x000005c6   0x000005c6   0x0000008a   Code   RO        11125    .text               c_w.l(rt_memcpy_v6.o)
    0x00000650   0x00000650   0x00000064   Code   RO        11127    .text               c_w.l(rt_memcpy_w.o)
    0x000006b4   0x000006b4   0x00000044   Code   RO        11129    .text               c_w.l(rt_memclr.o)
    0x000006f8   0x000006f8   0x0000004e   Code   RO        11131    .text               c_w.l(rt_memclr_w.o)
    0x00000746   0x00000746   0x00000002   PAD
    0x00000748   0x00000748   0x00000080   Code   RO        11135    .text               c_w.l(strcmpv7m.o)
    0x000007c8   0x000007c8   0x00000006   Code   RO        11137    .text               c_w.l(heapauxi.o)
    0x000007ce   0x000007ce   0x000000b2   Code   RO        11180    .text               c_w.l(_printf_intcommon.o)
    0x00000880   0x00000880   0x0000002c   Code   RO        11182    .text               c_w.l(_printf_char.o)
    0x000008ac   0x000008ac   0x00000024   Code   RO        11184    .text               c_w.l(_printf_char_file.o)
    0x000008d0   0x000008d0   0x00000030   Code   RO        11211    .text               c_w.l(_printf_char_common.o)
    0x00000900   0x00000900   0x0000004a   Code   RO        11213    .text               c_w.l(sys_stackheap_outer.o)
    0x0000094a   0x0000094a   0x00000012   Code   RO        11217    .text               c_w.l(exit.o)
    0x0000095c   0x0000095c   0x00000008   Code   RO        11229    .text               c_w.l(libspace.o)
    0x00000964   0x00000964   0x0000000c   Code   RO        11285    .text               c_w.l(sys_exit.o)
    0x00000970   0x00000970   0x00000002   Code   RO        11304    .text               c_w.l(use_no_semi.o)
    0x00000972   0x00000972   0x00000000   Code   RO        11306    .text               c_w.l(indicate_semi.o)
    0x00000972   0x00000972   0x00000002   PAD
    0x00000974   0x00000974   0x0000001c   Code   RO          976    i.ADC0SS3_Handler   adc0.o
    0x00000990   0x00000990   0x00000460   Code   RO          979    i.ADC0_InitTimer0ATriggerSeq3  adc0.o
    0x00000df0   0x00000df0   0x0000001c   Code   RO         1024    i.ADC1SS3_Handler   adc1.o
    0x00000e0c   0x00000e0c   0x00000460   Code   RO         1027    i.ADC1_InitTimer0ATriggerSeq3  adc1.o
    0x0000126c   0x0000126c   0x00000020   Code   RO          456    i.Delay1ms          hx8357.o
    0x0000128c   0x0000128c   0x00000050   Code   RO          367    i.Fifo_Put          fifo.o
    0x000012dc   0x000012dc   0x000000f8   Code   RO          460    i.HX8357_DrawCharS  hx8357.o
    0x000013d4   0x000013d4   0x00000044   Code   RO          463    i.HX8357_DrawPixel  hx8357.o
    0x00001418   0x00001418   0x00000054   Code   RO          464    i.HX8357_DrawString  hx8357.o
    0x0000146c   0x0000146c   0x00000098   Code   RO          465    i.HX8357_FillRect   hx8357.o
    0x00001504   0x00001504   0x00000018   Code   RO          466    i.HX8357_FillScreen  hx8357.o
    0x0000151c   0x0000151c   0x00000028   Code   RO          467    i.HX8357_InitD      hx8357.o
    0x00001544   0x00001544   0x000000cc   Code   RO          469    i.HX8357_OutChar    hx8357.o
    0x00001610   0x00001610   0x00000016   Code   RO          470    i.HX8357_OutString  hx8357.o
    0x00001626   0x00001626   0x00000002   PAD
    0x00001628   0x00001628   0x00000020   Code   RO          480    i.HX8357_SetCursor  hx8357.o
    0x00001648   0x00001648   0x000000f8   Code   RO          805    i.I2C_RTC_Recv_List  pcf8523.o
    0x00001740   0x00001740   0x000000cc   Code   RO          807    i.I2C_RTC_Send_List  pcf8523.o
    0x0000180c   0x0000180c   0x00000094   Code   RO          808    i.PCF8523_I2C0_Init  pcf8523.o
    0x000018a0   0x000018a0   0x00000014   Code   RO          935    i.PLL_Init120MHz    pll.o
    0x000018b4   0x000018b4   0x00000124   Code   RO          879    i.SSI0_Init         ssi0.o
    0x000019d8   0x000019d8   0x00000018   Code   RO          880    i.SSI0_SS_HIGH      ssi0.o
    0x000019f0   0x000019f0   0x0000002c   Code   RO          883    i.SSI0_write        ssi0.o
    0x00001a1c   0x00001a1c   0x000001b8   Code   RO          936    i.SysCtlClockFreqSet  pll.o
    0x00001bd4   0x00001bd4   0x00000016   Code   RO         1194    i.SysTick_Init      systick.o
    0x00001bea   0x00001bea   0x0000001e   Code   RO         1195    i.SysTick_Wait      systick.o
    0x00001c08   0x00001c08   0x0000001c   Code   RO         1196    i.SysTick_Wait10ms  systick.o
    0x00001c24   0x00001c24   0x00000020   Code   RO        11041    i.SystemInit        system_tm4c129.o
    0x00001c44   0x00001c44   0x00000014   Code   RO         1236    i.TIMER0A_Handler   timer0a.o
    0x00001c58   0x00001c58   0x0000007c   Code   RO          399    i.TouchScreen_Init  touchscreen.o
    0x00001cd4   0x00001cd4   0x000000e0   Code   RO         1070    i.UART0_Init        uart0.o
    0x00001db4   0x00001db4   0x00000018   Code   RO         1071    i.UART0_OutChar     uart0.o
    0x00001dcc   0x00001dcc   0x0000004c   Code   RO         1135    i.UART2_Handler     uart2.o
    0x00001e18   0x00001e18   0x00000064   Code   RO          937    i._SysCtlFrequencyGet  pll.o
    0x00001e7c   0x00001e7c   0x00000028   Code   RO          938    i._SysCtlMemTimingGet  pll.o
    0x00001ea4   0x00001ea4   0x000000c0   Code   RO         6197    i.allocate_btn_areas_and_controls  lv_btnm.o
    0x00001f64   0x00001f64   0x000000b4   Code   RO         4601    i.anim_ready_handler  lv_anim.o
    0x00002018   0x00002018   0x000000d0   Code   RO         4602    i.anim_task         lv_anim.o
    0x000020e8   0x000020e8   0x00000054   Code   RO         3300    i.antialias_get_opa_circ  lv_draw_rect.o
    0x0000213c   0x0000213c   0x00000016   Code   RO          809    i.bcd2arr           pcf8523.o
    0x00002152   0x00002152   0x00000068   Code   RO         3694    i.bits_write        lv_font_fmt_txt.o
    0x000021ba   0x000021ba   0x00000008   Code   RO         6198    i.button_get_tgl_state  lv_btnm.o
    0x000021c2   0x000021c2   0x00000008   Code   RO         6199    i.button_is_click_trig  lv_btnm.o
    0x000021ca   0x000021ca   0x00000008   Code   RO         6200    i.button_is_hidden  lv_btnm.o
    0x000021d2   0x000021d2   0x00000008   Code   RO         6201    i.button_is_inactive  lv_btnm.o
    0x000021da   0x000021da   0x00000008   Code   RO         6202    i.button_is_repeat_disabled  lv_btnm.o
    0x000021e2   0x000021e2   0x00000008   Code   RO         6203    i.button_is_tgl_enabled  lv_btnm.o
    0x000021ea   0x000021ea   0x00000002   PAD
    0x000021ec   0x000021ec   0x00000024   Code   RO          810    i.checkError        pcf8523.o
    0x00002210   0x00002210   0x00000058   Code   RO          484    i.commandList       hx8357.o
    0x00002268   0x00002268   0x000000c4   Code   RO          485    i.commonInit        hx8357.o
    0x0000232c   0x0000232c   0x00000098   Code   RO         3695    i.decompress        lv_font_fmt_txt.o
    0x000023c4   0x000023c4   0x0000001a   Code   RO         3696    i.decompress_line   lv_font_fmt_txt.o
    0x000023de   0x000023de   0x00000030   Code   RO         5371    i.ent_alloc         lv_mem.o
    0x0000240e   0x0000240e   0x00000002   PAD
    0x00002410   0x00002410   0x00000030   Code   RO         5372    i.ent_get_next      lv_mem.o
    0x00002440   0x00002440   0x0000004c   Code   RO         5373    i.ent_trunc         lv_mem.o
    0x0000248c   0x0000248c   0x00000008   Code   RO          486    i.ferror            hx8357.o
    0x00002494   0x00002494   0x000000f6   Code   RO         1485    i.focus_next_core   lv_group.o
    0x0000258a   0x0000258a   0x0000002c   Code   RO         1074    i.fputc             uart0.o
    0x000025b6   0x000025b6   0x00000002   PAD
    0x000025b8   0x000025b8   0x00000050   Code   RO          811    i.getTimeAndDate    pcf8523.o
    0x00002608   0x00002608   0x00000032   Code   RO         3697    i.get_bits          lv_font_fmt_txt.o
    0x0000263a   0x0000263a   0x00000092   Code   RO         6204    i.get_button_from_point  lv_btnm.o
    0x000026cc   0x000026cc   0x00000010   Code   RO         6205    i.get_button_width  lv_btnm.o
    0x000026dc   0x000026dc   0x0000018c   Code   RO         3698    i.get_glyph_dsc_id  lv_font_fmt_txt.o
    0x00002868   0x00002868   0x000000d4   Code   RO         3699    i.get_kern_value    lv_font_fmt_txt.o
    0x0000293c   0x0000293c   0x00000050   Code   RO         3172    i.hex_char_to_num   lv_draw_label.o
    0x0000298c   0x0000298c   0x00000082   Code   RO         6206    i.invalidate_button_area  lv_btnm.o
    0x00002a0e   0x00002a0e   0x00000020   Code   RO         3700    i.kern_pair_16_compare  lv_font_fmt_txt.o
    0x00002a2e   0x00002a2e   0x00000020   Code   RO         3701    i.kern_pair_8_compare  lv_font_fmt_txt.o
    0x00002a4e   0x00002a4e   0x00000002   PAD
    0x00002a50   0x00002a50   0x0000002c   Code   RO         4603    i.lv_anim_core_init  lv_anim.o
    0x00002a7c   0x00002a7c   0x0000000a   Code   RO         1933    i.lv_area_copy      lv_obj.o
    0x00002a86   0x00002a86   0x0000000a   Code   RO         2666    i.lv_area_copy      lv_refr.o
    0x00002a90   0x00002a90   0x0000000a   Code   RO         3301    i.lv_area_copy      lv_draw_rect.o
    0x00002a9a   0x00002a9a   0x0000000a   Code   RO         6207    i.lv_area_copy      lv_btnm.o
    0x00002aa4   0x00002aa4   0x0000000e   Code   RO         2667    i.lv_area_get_height  lv_refr.o
    0x00002ab2   0x00002ab2   0x0000000e   Code   RO         3302    i.lv_area_get_height  lv_draw_rect.o
    0x00002ac0   0x00002ac0   0x00000022   Code   RO         4775    i.lv_area_get_size  lv_area.o
    0x00002ae2   0x00002ae2   0x0000000e   Code   RO         2668    i.lv_area_get_width  lv_refr.o
    0x00002af0   0x00002af0   0x0000000e   Code   RO         2959    i.lv_area_get_width  lv_draw_basic.o
    0x00002afe   0x00002afe   0x0000000e   Code   RO         3173    i.lv_area_get_width  lv_draw_label.o
    0x00002b0c   0x00002b0c   0x0000000e   Code   RO         3303    i.lv_area_get_width  lv_draw_rect.o
    0x00002b1a   0x00002b1a   0x0000000e   Code   RO         6208    i.lv_area_get_width  lv_btnm.o
    0x00002b28   0x00002b28   0x00000082   Code   RO         4777    i.lv_area_intersect  lv_area.o
    0x00002baa   0x00002baa   0x0000003a   Code   RO         4778    i.lv_area_is_in     lv_area.o
    0x00002be4   0x00002be4   0x0000003a   Code   RO         4779    i.lv_area_is_on     lv_area.o
    0x00002c1e   0x00002c1e   0x0000003a   Code   RO         4780    i.lv_area_is_point_on  lv_area.o
    0x00002c58   0x00002c58   0x00000064   Code   RO         4781    i.lv_area_join      lv_area.o
    0x00002cbc   0x00002cbc   0x0000000e   Code   RO         4782    i.lv_area_set       lv_area.o
    0x00002cca   0x00002cca   0x00000002   PAD
    0x00002ccc   0x00002ccc   0x0000005c   Code   RO         6209    i.lv_btnm_clear_btn_ctrl  lv_btnm.o
    0x00002d28   0x00002d28   0x00000054   Code   RO         6210    i.lv_btnm_clear_btn_ctrl_all  lv_btnm.o
    0x00002d7c   0x00002d7c   0x000001a4   Code   RO         6211    i.lv_btnm_create    lv_btnm.o
    0x00002f20   0x00002f20   0x00000310   Code   RO         6212    i.lv_btnm_design    lv_btnm.o
    0x00003230   0x00003230   0x00000058   Code   RO         6215    i.lv_btnm_get_btn_ctrl  lv_btnm.o
    0x00003288   0x00003288   0x00000038   Code   RO         6217    i.lv_btnm_get_map_array  lv_btnm.o
    0x000032c0   0x000032c0   0x00000070   Code   RO         6221    i.lv_btnm_get_style  lv_btnm.o
    0x00003330   0x00003330   0x0000005c   Code   RO         6222    i.lv_btnm_set_btn_ctrl  lv_btnm.o
    0x0000338c   0x0000338c   0x000002b8   Code   RO         6226    i.lv_btnm_set_map   lv_btnm.o
    0x00003644   0x00003644   0x00000088   Code   RO         6230    i.lv_btnm_set_style  lv_btnm.o
    0x000036cc   0x000036cc   0x000004ae   Code   RO         6231    i.lv_btnm_signal    lv_btnm.o
    0x00003b7a   0x00003b7a   0x00000016   Code   RO         4954    i.lv_circ_cont      lv_circ.o
    0x00003b90   0x00003b90   0x00000010   Code   RO         4955    i.lv_circ_init      lv_circ.o
    0x00003ba0   0x00003ba0   0x0000003c   Code   RO         4956    i.lv_circ_next      lv_circ.o
    0x00003bdc   0x00003bdc   0x00000030   Code   RO         2591    i.lv_color_make     lv_style.o
    0x00003c0c   0x00003c0c   0x00000030   Code   RO         3475    i.lv_color_make     lv_img_decoder.o
    0x00003c3c   0x00003c3c   0x00000080   Code   RO         2960    i.lv_color_mix      lv_draw_basic.o
    0x00003cbc   0x00003cbc   0x00000080   Code   RO         3304    i.lv_color_mix      lv_draw_rect.o
    0x00003d3c   0x00003d3c   0x0000000c   Code   RO         1272    i.lv_debug_check_null  lv_debug.o
    0x00003d48   0x00003d48   0x0000001c   Code   RO         1276    i.lv_debug_check_style  lv_debug.o
    0x00003d64   0x00003d64   0x0000007c   Code   RO         1277    i.lv_debug_log_error  lv_debug.o
    0x00003de0   0x00003de0   0x00000022   Code   RO         4282    i.lv_disp_buf_init  lv_hal_disp.o
    0x00003e02   0x00003e02   0x00000002   PAD
    0x00003e04   0x00003e04   0x0000004c   Code   RO         4283    i.lv_disp_drv_init  lv_hal_disp.o
    0x00003e50   0x00003e50   0x000000f8   Code   RO         4284    i.lv_disp_drv_register  lv_hal_disp.o
    0x00003f48   0x00003f48   0x0000000e   Code   RO         4286    i.lv_disp_flush_ready  lv_hal_disp.o
    0x00003f56   0x00003f56   0x0000001a   Code   RO         4287    i.lv_disp_get_antialiasing  lv_hal_disp.o
    0x00003f70   0x00003f70   0x00000006   Code   RO         4288    i.lv_disp_get_buf   lv_hal_disp.o
    0x00003f76   0x00003f76   0x00000002   PAD
    0x00003f78   0x00003f78   0x0000000c   Code   RO         4289    i.lv_disp_get_default  lv_hal_disp.o
    0x00003f84   0x00003f84   0x00000028   Code   RO         4290    i.lv_disp_get_hor_res  lv_hal_disp.o
    0x00003fac   0x00003fac   0x00000016   Code   RO         1384    i.lv_disp_get_layer_sys  lv_disp.o
    0x00003fc2   0x00003fc2   0x00000016   Code   RO         1385    i.lv_disp_get_layer_top  lv_disp.o
    0x00003fd8   0x00003fd8   0x00000016   Code   RO         1387    i.lv_disp_get_scr_act  lv_disp.o
    0x00003fee   0x00003fee   0x00000028   Code   RO         4293    i.lv_disp_get_ver_res  lv_hal_disp.o
    0x00004016   0x00004016   0x00000016   Code   RO         4294    i.lv_disp_is_double_buf  lv_hal_disp.o
    0x0000402c   0x0000402c   0x00000024   Code   RO         4295    i.lv_disp_is_true_double_buf  lv_hal_disp.o
    0x00004050   0x00004050   0x00000160   Code   RO         2669    i.lv_disp_refr_task  lv_refr.o
    0x000041b0   0x000041b0   0x00000034   Code   RO         2778    i.lv_draw_aa_get_opa  lv_draw.o
    0x000041e4   0x000041e4   0x00000044   Code   RO         3305    i.lv_draw_cont_radius_corr  lv_draw_rect.o
    0x00004228   0x00004228   0x000001e4   Code   RO         2961    i.lv_draw_fill      lv_draw_basic.o
    0x0000440c   0x0000440c   0x00000024   Code   RO         2781    i.lv_draw_free_buf  lv_draw.o
    0x00004430   0x00004430   0x0000008c   Code   RO         2782    i.lv_draw_get_buf   lv_draw.o
    0x000044bc   0x000044bc   0x0000053c   Code   RO         3174    i.lv_draw_label     lv_draw_label.o
    0x000049f8   0x000049f8   0x000005ae   Code   RO         2962    i.lv_draw_letter    lv_draw_basic.o
    0x00004fa6   0x00004fa6   0x000000d6   Code   RO         2964    i.lv_draw_px        lv_draw_basic.o
    0x0000507c   0x0000507c   0x00000090   Code   RO         3306    i.lv_draw_rect      lv_draw_rect.o
    0x0000510c   0x0000510c   0x000010b0   Code   RO         3307    i.lv_draw_rect_border_corner  lv_draw_rect.o
    0x000061bc   0x000061bc   0x00000472   Code   RO         3308    i.lv_draw_rect_border_straight  lv_draw_rect.o
    0x0000662e   0x0000662e   0x00000c28   Code   RO         3309    i.lv_draw_rect_main_corner  lv_draw_rect.o
    0x00007256   0x00007256   0x00000164   Code   RO         3310    i.lv_draw_rect_main_mid  lv_draw_rect.o
    0x000073ba   0x000073ba   0x000000ae   Code   RO         3311    i.lv_draw_shadow    lv_draw_rect.o
    0x00007468   0x00007468   0x00000272   Code   RO         3312    i.lv_draw_shadow_bottom  lv_draw_rect.o
    0x000076da   0x000076da   0x000003e6   Code   RO         3313    i.lv_draw_shadow_full  lv_draw_rect.o
    0x00007ac0   0x00007ac0   0x000001b2   Code   RO         3314    i.lv_draw_shadow_full_straight  lv_draw_rect.o
    0x00007c72   0x00007c72   0x00000002   PAD
    0x00007c74   0x00007c74   0x0000004c   Code   RO         1936    i.lv_event_send     lv_obj.o
    0x00007cc0   0x00007cc0   0x000000c0   Code   RO         1937    i.lv_event_send_func  lv_obj.o
    0x00007d80   0x00007d80   0x000000f8   Code   RO         3702    i.lv_font_get_bitmap_fmt_txt  lv_font_fmt_txt.o
    0x00007e78   0x00007e78   0x00000010   Code   RO         3651    i.lv_font_get_glyph_bitmap  lv_font.o
    0x00007e88   0x00007e88   0x0000001e   Code   RO         3652    i.lv_font_get_glyph_dsc  lv_font.o
    0x00007ea6   0x00007ea6   0x00000084   Code   RO         3703    i.lv_font_get_glyph_dsc_fmt_txt  lv_font_fmt_txt.o
    0x00007f2a   0x00007f2a   0x00000026   Code   RO         3653    i.lv_font_get_glyph_width  lv_font.o
    0x00007f50   0x00007f50   0x00000032   Code   RO         5013    i.lv_fs_close       lv_fs.o
    0x00007f82   0x00007f82   0x00000002   PAD
    0x00007f84   0x00007f84   0x00000030   Code   RO         5020    i.lv_fs_get_drv     lv_fs.o
    0x00007fb4   0x00007fb4   0x0000003c   Code   RO         5021    i.lv_fs_get_ext     lv_fs.o
    0x00007ff0   0x00007ff0   0x00000026   Code   RO         5024    i.lv_fs_get_real_path  lv_fs.o
    0x00008016   0x00008016   0x00000002   PAD
    0x00008018   0x00008018   0x00000010   Code   RO         5025    i.lv_fs_init        lv_fs.o
    0x00008028   0x00008028   0x000000bc   Code   RO         5027    i.lv_fs_open        lv_fs.o
    0x000080e4   0x000080e4   0x00000048   Code   RO         5028    i.lv_fs_read        lv_fs.o
    0x0000812c   0x0000812c   0x00000028   Code   RO         5031    i.lv_fs_seek        lv_fs.o
    0x00008154   0x00008154   0x0000008c   Code   RO         1487    i.lv_group_add_obj  lv_group.o
    0x000081e0   0x000081e0   0x00000018   Code   RO         1491    i.lv_group_focus_next  lv_group.o
    0x000081f8   0x000081f8   0x00000018   Code   RO         1493    i.lv_group_focus_prev  lv_group.o
    0x00008210   0x00008210   0x00000012   Code   RO         1495    i.lv_group_get_editing  lv_group.o
    0x00008222   0x00008222   0x00000016   Code   RO         1497    i.lv_group_get_focused  lv_group.o
    0x00008238   0x00008238   0x00000010   Code   RO         1501    i.lv_group_init     lv_group.o
    0x00008248   0x00008248   0x0000003e   Code   RO         1502    i.lv_group_mod_style  lv_group.o
    0x00008286   0x00008286   0x00000046   Code   RO         1503    i.lv_group_refocus  lv_group.o
    0x000082cc   0x000082cc   0x00000068   Code   RO         3408    i.lv_img_cache_invalidate_src  lv_img_cache.o
    0x00008334   0x00008334   0x000000a4   Code   RO         3410    i.lv_img_cache_set_size  lv_img_cache.o
    0x000083d8   0x000083d8   0x0000004c   Code   RO         3072    i.lv_img_color_format_get_px_size  lv_draw_img.o
    0x00008424   0x00008424   0x00000030   Code   RO         3476    i.lv_img_decoder_built_in_close  lv_img_decoder.o
    0x00008454   0x00008454   0x000000ba   Code   RO         3477    i.lv_img_decoder_built_in_info  lv_img_decoder.o
    0x0000850e   0x0000850e   0x00000002   PAD
    0x00008510   0x00008510   0x000001e0   Code   RO         3478    i.lv_img_decoder_built_in_line_alpha  lv_img_decoder.o
    0x000086f0   0x000086f0   0x0000019e   Code   RO         3479    i.lv_img_decoder_built_in_line_indexed  lv_img_decoder.o
    0x0000888e   0x0000888e   0x0000007a   Code   RO         3480    i.lv_img_decoder_built_in_line_true_color  lv_img_decoder.o
    0x00008908   0x00008908   0x00000214   Code   RO         3481    i.lv_img_decoder_built_in_open  lv_img_decoder.o
    0x00008b1c   0x00008b1c   0x000000c8   Code   RO         3482    i.lv_img_decoder_built_in_read_line  lv_img_decoder.o
    0x00008be4   0x00008be4   0x00000028   Code   RO         3483    i.lv_img_decoder_close  lv_img_decoder.o
    0x00008c0c   0x00008c0c   0x00000048   Code   RO         3484    i.lv_img_decoder_create  lv_img_decoder.o
    0x00008c54   0x00008c54   0x00000074   Code   RO         3487    i.lv_img_decoder_init  lv_img_decoder.o
    0x00008cc8   0x00008cc8   0x00000004   Code   RO         3490    i.lv_img_decoder_set_close_cb  lv_img_decoder.o
    0x00008ccc   0x00008ccc   0x00000004   Code   RO         3491    i.lv_img_decoder_set_info_cb  lv_img_decoder.o
    0x00008cd0   0x00008cd0   0x00000004   Code   RO         3492    i.lv_img_decoder_set_open_cb  lv_img_decoder.o
    0x00008cd4   0x00008cd4   0x00000004   Code   RO         3493    i.lv_img_decoder_set_read_line_cb  lv_img_decoder.o
    0x00008cd8   0x00008cd8   0x0000002a   Code   RO         3076    i.lv_img_src_get_type  lv_draw_img.o
    0x00008d02   0x00008d02   0x00000002   PAD
    0x00008d04   0x00008d04   0x0000000c   Code   RO         1763    i.lv_indev_get_act  lv_indev.o
    0x00008d10   0x00008d10   0x0000001c   Code   RO         4474    i.lv_indev_get_next  lv_hal_indev.o
    0x00008d2c   0x00008d2c   0x00000020   Code   RO         1766    i.lv_indev_get_point  lv_indev.o
    0x00008d4c   0x00008d4c   0x0000000c   Code   RO         1768    i.lv_indev_get_type  lv_indev.o
    0x00008d58   0x00008d58   0x0000000a   Code   RO         1770    i.lv_indev_init     lv_indev.o
    0x00008d62   0x00008d62   0x0000003e   Code   RO         1773    i.lv_indev_reset    lv_indev.o
    0x00008da0   0x00008da0   0x0000001e   Code   RO         1774    i.lv_indev_reset_long_press  lv_indev.o
    0x00008dbe   0x00008dbe   0x00000002   PAD
    0x00008dc0   0x00008dc0   0x0000005c   Code   RO         1938    i.lv_init           lv_obj.o
    0x00008e1c   0x00008e1c   0x000000de   Code   RO         2670    i.lv_inv_area       lv_refr.o
    0x00008efa   0x00008efa   0x00000070   Code   RO         5227    i.lv_ll_chg_list    lv_ll.o
    0x00008f6a   0x00008f6a   0x0000000a   Code   RO         5229    i.lv_ll_get_head    lv_ll.o
    0x00008f74   0x00008f74   0x00000016   Code   RO         5231    i.lv_ll_get_next    lv_ll.o
    0x00008f8a   0x00008f8a   0x00000014   Code   RO         5232    i.lv_ll_get_prev    lv_ll.o
    0x00008f9e   0x00008f9e   0x0000000a   Code   RO         5233    i.lv_ll_get_tail    lv_ll.o
    0x00008fa8   0x00008fa8   0x00000016   Code   RO         5234    i.lv_ll_init        lv_ll.o
    0x00008fbe   0x00008fbe   0x00000040   Code   RO         5235    i.lv_ll_ins_head    lv_ll.o
    0x00008ffe   0x00008ffe   0x00000072   Code   RO         5236    i.lv_ll_ins_prev    lv_ll.o
    0x00009070   0x00009070   0x00000046   Code   RO         5237    i.lv_ll_ins_tail    lv_ll.o
    0x000090b6   0x000090b6   0x0000006a   Code   RO         5239    i.lv_ll_move_before  lv_ll.o
    0x00009120   0x00009120   0x0000008a   Code   RO         5240    i.lv_ll_rem         lv_ll.o
    0x000091aa   0x000091aa   0x00000002   PAD
    0x000091ac   0x000091ac   0x00000040   Code   RO         5374    i.lv_mem_alloc      lv_mem.o
    0x000091ec   0x000091ec   0x0000005c   Code   RO         5376    i.lv_mem_free       lv_mem.o
    0x00009248   0x00009248   0x00000020   Code   RO         5377    i.lv_mem_get_size   lv_mem.o
    0x00009268   0x00009268   0x00000028   Code   RO         5378    i.lv_mem_init       lv_mem.o
    0x00009290   0x00009290   0x0000006c   Code   RO         5380    i.lv_mem_realloc    lv_mem.o
    0x000092fc   0x000092fc   0x000003f0   Code   RO         1939    i.lv_obj_align      lv_obj.o
    0x000096ec   0x000096ec   0x00000334   Code   RO         1940    i.lv_obj_align_origo  lv_obj.o
    0x00009a20   0x00009a20   0x0000003c   Code   RO         1941    i.lv_obj_allocate_ext_attr  lv_obj.o
    0x00009a5c   0x00009a5c   0x00000388   Code   RO         1946    i.lv_obj_create     lv_obj.o
    0x00009de4   0x00009de4   0x000000c6   Code   RO         1950    i.lv_obj_design     lv_obj.o
    0x00009eaa   0x00009eaa   0x00000006   Code   RO         1952    i.lv_obj_get_base_dir  lv_obj.o
    0x00009eb0   0x00009eb0   0x00000048   Code   RO         1953    i.lv_obj_get_child  lv_obj.o
    0x00009ef8   0x00009ef8   0x00000038   Code   RO         1956    i.lv_obj_get_coords  lv_obj.o
    0x00009f30   0x00009f30   0x00000030   Code   RO         1957    i.lv_obj_get_design_cb  lv_obj.o
    0x00009f60   0x00009f60   0x00000084   Code   RO         1958    i.lv_obj_get_disp   lv_obj.o
    0x00009fe4   0x00009fe4   0x00000030   Code   RO         1964    i.lv_obj_get_ext_attr  lv_obj.o
    0x0000a014   0x0000a014   0x00000030   Code   RO         1970    i.lv_obj_get_group  lv_obj.o
    0x0000a044   0x0000a044   0x00000038   Code   RO         1971    i.lv_obj_get_height  lv_obj.o
    0x0000a07c   0x0000a07c   0x00000034   Code   RO         1973    i.lv_obj_get_hidden  lv_obj.o
    0x0000a0b0   0x0000a0b0   0x00000050   Code   RO         1975    i.lv_obj_get_opa_scale  lv_obj.o
    0x0000a100   0x0000a100   0x00000030   Code   RO         1977    i.lv_obj_get_parent  lv_obj.o
    0x0000a130   0x0000a130   0x00000040   Code   RO         1980    i.lv_obj_get_screen  lv_obj.o
    0x0000a170   0x0000a170   0x00000030   Code   RO         1981    i.lv_obj_get_signal_cb  lv_obj.o
    0x0000a1a0   0x0000a1a0   0x00000098   Code   RO         1982    i.lv_obj_get_style  lv_obj.o
    0x0000a238   0x0000a238   0x00000038   Code   RO         1985    i.lv_obj_get_width  lv_obj.o
    0x0000a270   0x0000a270   0x00000048   Code   RO         1987    i.lv_obj_get_x      lv_obj.o
    0x0000a2b8   0x0000a2b8   0x00000048   Code   RO         1988    i.lv_obj_get_y      lv_obj.o
    0x0000a300   0x0000a300   0x00000022   Code   RO         1989    i.lv_obj_handle_get_type_signal  lv_obj.o
    0x0000a322   0x0000a322   0x00000002   PAD
    0x0000a324   0x0000a324   0x000000f4   Code   RO         1990    i.lv_obj_invalidate  lv_obj.o
    0x0000a418   0x0000a418   0x00000040   Code   RO         1991    i.lv_obj_is_focused  lv_obj.o
    0x0000a458   0x0000a458   0x0000003c   Code   RO         1992    i.lv_obj_is_protected  lv_obj.o
    0x0000a494   0x0000a494   0x00000064   Code   RO         1994    i.lv_obj_move_foreground  lv_obj.o
    0x0000a4f8   0x0000a4f8   0x00000064   Code   RO         1995    i.lv_obj_realign    lv_obj.o
    0x0000a55c   0x0000a55c   0x00000040   Code   RO         1996    i.lv_obj_refresh_ext_draw_pad  lv_obj.o
    0x0000a59c   0x0000a59c   0x00000044   Code   RO         1997    i.lv_obj_refresh_style  lv_obj.o
    0x0000a5e0   0x0000a5e0   0x00000030   Code   RO         2002    i.lv_obj_set_design_cb  lv_obj.o
    0x0000a610   0x0000a610   0x000000c8   Code   RO         2015    i.lv_obj_set_pos    lv_obj.o
    0x0000a6d8   0x0000a6d8   0x00000030   Code   RO         2017    i.lv_obj_set_signal_cb  lv_obj.o
    0x0000a708   0x0000a708   0x000000dc   Code   RO         2018    i.lv_obj_set_size   lv_obj.o
    0x0000a7e4   0x0000a7e4   0x00000064   Code   RO         2019    i.lv_obj_set_style  lv_obj.o
    0x0000a848   0x0000a848   0x00000064   Code   RO         2024    i.lv_obj_signal     lv_obj.o
    0x0000a8ac   0x0000a8ac   0x0000015c   Code   RO         2671    i.lv_refr_area      lv_refr.o
    0x0000aa08   0x0000aa08   0x00000084   Code   RO         2672    i.lv_refr_area_part  lv_refr.o
    0x0000aa8c   0x0000aa8c   0x00000064   Code   RO         2673    i.lv_refr_areas     lv_refr.o
    0x0000aaf0   0x0000aaf0   0x0000000c   Code   RO         2674    i.lv_refr_get_disp_refreshing  lv_refr.o
    0x0000aafc   0x0000aafc   0x0000007e   Code   RO         2675    i.lv_refr_get_top_obj  lv_refr.o
    0x0000ab7a   0x0000ab7a   0x00000002   Code   RO         2676    i.lv_refr_init      lv_refr.o
    0x0000ab7c   0x0000ab7c   0x000000dc   Code   RO         2677    i.lv_refr_join_area  lv_refr.o
    0x0000ac58   0x0000ac58   0x00000100   Code   RO         2679    i.lv_refr_obj       lv_refr.o
    0x0000ad58   0x0000ad58   0x0000006c   Code   RO         2680    i.lv_refr_obj_and_children  lv_refr.o
    0x0000adc4   0x0000adc4   0x00000064   Code   RO         2682    i.lv_refr_vdb_flush  lv_refr.o
    0x0000ae28   0x0000ae28   0x00000012   Code   RO         2595    i.lv_style_copy     lv_style.o
    0x0000ae3a   0x0000ae3a   0x00000002   PAD
    0x0000ae3c   0x0000ae3c   0x00000560   Code   RO         2596    i.lv_style_init     lv_style.o
    0x0000b39c   0x0000b39c   0x00000018   Code   RO         5517    i.lv_task_core_init  lv_task.o
    0x0000b3b4   0x0000b3b4   0x00000060   Code   RO         5518    i.lv_task_create    lv_task.o
    0x0000b414   0x0000b414   0x000000e8   Code   RO         5519    i.lv_task_create_basic  lv_task.o
    0x0000b4fc   0x0000b4fc   0x00000030   Code   RO         5520    i.lv_task_del       lv_task.o
    0x0000b52c   0x0000b52c   0x0000000c   Code   RO         5521    i.lv_task_enable    lv_task.o
    0x0000b538   0x0000b538   0x00000050   Code   RO         5522    i.lv_task_exec      lv_task.o
    0x0000b588   0x0000b588   0x0000018c   Code   RO         5524    i.lv_task_handler   lv_task.o
    0x0000b714   0x0000b714   0x00000012   Code   RO         5526    i.lv_task_ready     lv_task.o
    0x0000b726   0x0000b726   0x00000004   Code   RO         5528    i.lv_task_set_cb    lv_task.o
    0x0000b72a   0x0000b72a   0x00000004   Code   RO         5529    i.lv_task_set_period  lv_task.o
    0x0000b72e   0x0000b72e   0x00000002   PAD
    0x0000b730   0x0000b730   0x00000064   Code   RO         5530    i.lv_task_set_prio  lv_task.o
    0x0000b794   0x0000b794   0x0000000c   Code   RO        10873    i.lv_theme_get_current  lv_theme.o
    0x0000b7a0   0x0000b7a0   0x0000001a   Code   RO         4569    i.lv_tick_elaps     lv_hal_tick.o
    0x0000b7ba   0x0000b7ba   0x00000002   PAD
    0x0000b7bc   0x0000b7bc   0x00000020   Code   RO         4570    i.lv_tick_get       lv_hal_tick.o
    0x0000b7dc   0x0000b7dc   0x0000001c   Code   RO         4571    i.lv_tick_inc       lv_hal_tick.o
    0x0000b7f8   0x0000b7f8   0x000000bc   Code   RO         5627    i.lv_txt_get_next_line  lv_txt.o
    0x0000b8b4   0x0000b8b4   0x0000019c   Code   RO         5628    i.lv_txt_get_next_word  lv_txt.o
    0x0000ba50   0x0000ba50   0x000000cc   Code   RO         5629    i.lv_txt_get_size   lv_txt.o
    0x0000bb1c   0x0000bb1c   0x00000090   Code   RO         5630    i.lv_txt_get_width  lv_txt.o
    0x0000bbac   0x0000bbac   0x00000048   Code   RO         5632    i.lv_txt_is_cmd     lv_txt.o
    0x0000bbf4   0x0000bbf4   0x000000a4   Code   RO         5633    i.lv_txt_unicode_to_utf8  lv_txt.o
    0x0000bc98   0x0000bc98   0x0000003e   Code   RO         5634    i.lv_txt_utf8_conv_wc  lv_txt.o
    0x0000bcd6   0x0000bcd6   0x00000002   PAD
    0x0000bcd8   0x0000bcd8   0x00000038   Code   RO         5635    i.lv_txt_utf8_get_byte_id  lv_txt.o
    0x0000bd10   0x0000bd10   0x00000028   Code   RO         5636    i.lv_txt_utf8_get_char_id  lv_txt.o
    0x0000bd38   0x0000bd38   0x00000028   Code   RO         5637    i.lv_txt_utf8_get_length  lv_txt.o
    0x0000bd60   0x0000bd60   0x00000148   Code   RO         5638    i.lv_txt_utf8_next  lv_txt.o
    0x0000bea8   0x0000bea8   0x00000060   Code   RO         5639    i.lv_txt_utf8_prev  lv_txt.o
    0x0000bf08   0x0000bf08   0x0000003c   Code   RO         5640    i.lv_txt_utf8_size  lv_txt.o
    0x0000bf44   0x0000bf44   0x00000054   Code   RO         5723    i.lv_utils_bsearch  lv_utils.o
    0x0000bf98   0x0000bf98   0x000002a8   Code   RO            5    i.main              main.o
    0x0000c240   0x0000c240   0x00000028   Code   RO         6232    i.make_one_button_toggled  lv_btnm.o
    0x0000c268   0x0000c268   0x00000062   Code   RO         6233    i.maps_are_identical  lv_btnm.o
    0x0000c2ca   0x0000c2ca   0x00000040   Code   RO            6    i.my_disp_flush     main.o
    0x0000c30a   0x0000c30a   0x00000030   Code   RO         5242    i.node_set_next     lv_ll.o
    0x0000c33a   0x0000c33a   0x0000002c   Code   RO         5243    i.node_set_prev     lv_ll.o
    0x0000c366   0x0000c366   0x0000002c   Code   RO         1515    i.obj_to_foreground  lv_group.o
    0x0000c392   0x0000c392   0x00000012   Code   RO          488    i.pushColor         hx8357.o
    0x0000c3a4   0x0000c3a4   0x00000050   Code   RO         2026    i.refresh_children_position  lv_obj.o
    0x0000c3f4   0x0000c3f4   0x00000042   Code   RO         2027    i.refresh_children_style  lv_obj.o
    0x0000c436   0x0000c436   0x00000002   PAD
    0x0000c438   0x0000c438   0x00000034   Code   RO         3704    i.rle_init          lv_font_fmt_txt.o
    0x0000c46c   0x0000c46c   0x0000016c   Code   RO         3705    i.rle_next          lv_font_fmt_txt.o
    0x0000c5d8   0x0000c5d8   0x0000006a   Code   RO          489    i.setAddrWindow     hx8357.o
    0x0000c642   0x0000c642   0x00000040   Code   RO          812    i.setTimeAndDate    pcf8523.o
    0x0000c682   0x0000c682   0x00000148   Code   RO         2965    i.sw_color_fill     lv_draw_basic.o
    0x0000c7ca   0x0000c7ca   0x0000000a   Code   RO         3706    i.unicode_list_compare  lv_font_fmt_txt.o
    0x0000c7d4   0x0000c7d4   0x00000024   Code   RO          490    i.writecommand      hx8357.o
    0x0000c7f8   0x0000c7f8   0x00000024   Code   RO          491    i.writedata         hx8357.o
    0x0000c81c   0x0000c81c   0x0000000a   Code   RO        11300    x$fpl$fpinit        fz_wm.l(fpinit.o)
    0x0000c826   0x0000c826   0x000007af   Data   RO          493    .constdata          hx8357.o
    0x0000cfd5   0x0000cfd5   0x00000003   PAD
    0x0000cfd8   0x0000cfd8   0x0000009c   Data   RO          939    .constdata          pll.o
    0x0000d074   0x0000d074   0x00000011   Data   RO         1279    .constdata          lv_debug.o
    0x0000d085   0x0000d085   0x00000003   PAD
    0x0000d088   0x0000d088   0x00000016   Data   RO         2601    .constdata          lv_style.o
    0x0000d09e   0x0000d09e   0x00000024   Data   RO         2783    .constdata          lv_draw.o
    0x0000d0c2   0x0000d0c2   0x00000011   Data   RO         3315    .constdata          lv_draw_rect.o
    0x0000d0d3   0x0000d0d3   0x00000001   PAD
    0x0000d0d4   0x0000d0d4   0x000033e8   Data   RO         4123    .constdata          lv_font_roboto_16.o
    0x000104bc   0x000104bc   0x00000002   Data   RO         4299    .constdata          lv_hal_disp.o
    0x000104be   0x000104be   0x00000002   PAD
    0x000104c0   0x000104c0   0x00000035   Data   RO            8    .conststring        main.o
    0x000104f5   0x000104f5   0x00000003   PAD
    0x000104f8   0x000104f8   0x00000055   Data   RO          494    .conststring        hx8357.o
    0x0001054d   0x0001054d   0x00000003   PAD
    0x00010550   0x00010550   0x00000025   Data   RO         6234    .conststring        lv_btnm.o
    0x00010575   0x00010575   0x00000003   PAD
    0x00010578   0x00010578   0x00000020   Data   RO        11356    Region$$Table       anon$$obj.o


    Execution Region RW_IRAM1 (Exec base: 0x20000000, Load base: 0x00010598, Size: 0x0000a3b0, Max: 0x00040000, ABSOLUTE, COMPRESSED[0x000000c4])

    Exec Addr    Load Addr    Size         Type   Attr      Idx    E Section Name        Object

    0x20000000   COMPRESSED   0x00000048   Data   RW            9    .data               main.o
    0x20000048   COMPRESSED   0x00000002   Data   RW          369    .data               fifo.o
    0x2000004a   COMPRESSED   0x00000002   PAD
    0x2000004c   COMPRESSED   0x00000028   Data   RW          495    .data               hx8357.o
    0x20000074   COMPRESSED   0x00000028   Data   RW          813    .data               pcf8523.o
    0x2000009c   COMPRESSED   0x00000004   Data   RW          980    .data               adc0.o
    0x200000a0   COMPRESSED   0x00000004   Data   RW         1028    .data               adc1.o
    0x200000a4   COMPRESSED   0x00000008   Data   RW         1075    .data               uart0.o
    0x200000ac   COMPRESSED   0x00000001   Data   RW         1141    .data               uart2.o
    0x200000ad   COMPRESSED   0x00000003   PAD
    0x200000b0   COMPRESSED   0x00000008   Data   RW         1779    .data               lv_indev.o
    0x200000b8   COMPRESSED   0x0000000c   Data   RW         2029    .data               lv_obj.o
    0x200000c4   COMPRESSED   0x00000008   Data   RW         2683    .data               lv_refr.o
    0x200000cc   COMPRESSED   0x00000024   Data   RW         2784    .data               lv_draw.o
    0x200000f0   COMPRESSED   0x00000002   Data   RW         2968    .data               lv_draw_basic.o
    0x200000f2   COMPRESSED   0x00000002   Data   RW         3411    .data               lv_img_cache.o
    0x200000f4   COMPRESSED   0x00000010   Data   RW         3707    .data               lv_font_fmt_txt.o
    0x20000104   COMPRESSED   0x0000002c   Data   RW         4124    .data               lv_font_roboto_16.o
    0x20000130   COMPRESSED   0x00000004   Data   RW         4300    .data               lv_hal_disp.o
    0x20000134   COMPRESSED   0x00000005   Data   RW         4572    .data               lv_hal_tick.o
    0x20000139   COMPRESSED   0x00000003   PAD
    0x2000013c   COMPRESSED   0x00000005   Data   RW         4616    .data               lv_anim.o
    0x20000141   COMPRESSED   0x00000003   PAD
    0x20000144   COMPRESSED   0x0000000c   Data   RW         5195    .data               lv_gc.o
    0x20000150   COMPRESSED   0x00000008   Data   RW         5382    .data               lv_mem.o
    0x20000158   COMPRESSED   0x00000014   Data   RW         5531    .data               lv_task.o
    0x2000016c   COMPRESSED   0x00000020   Data   RW         5641    .data               lv_txt.o
    0x2000018c   COMPRESSED   0x00000024   Data   RW         6235    .data               lv_btnm.o
    0x200001b0   COMPRESSED   0x00000004   Data   RW        10875    .data               lv_theme.o
    0x200001b4   COMPRESSED   0x00000004   Data   RW        11042    .data               system_tm4c129.o
    0x200001b8        -       0x00001938   Zero   RW            7    .bss                main.o
    0x20001af0        -       0x00000040   Zero   RW          368    .bss                fifo.o
    0x20001b30        -       0x00000340   Zero   RW         2600    .bss                lv_style.o
    0x20001e70        -       0x00000280   Zero   RW         2967    .bss                lv_draw_basic.o
    0x200020f0        -       0x00000060   Zero   RW         5194    .bss                lv_gc.o
    0x20002150        -       0x00008000   Zero   RW         5381    .bss                lv_mem.o
    0x2000a150        -       0x00000060   Zero   RW        11230    .bss                c_w.l(libspace.o)
    0x2000a1b0        -       0x00000000   Zero   RW        11031    HEAP                startup_tm4c129.o
    0x2000a1b0        -       0x00000200   Zero   RW        11030    STACK               startup_tm4c129.o


==============================================================================

Image component sizes


      Code (inc. data)   RO Data    RW Data    ZI Data      Debug   Object Name

      1148         82          0          4          0      31683   adc0.o
      1148         82          0          4          0       3228   adc1.o
        80         14          0          2         64       1123   fifo.o
      1394        108       2052         40          0      14811   hx8357.o
       432         34          0          5          0       8924   lv_anim.o
         0          0          0          0          0      16366   lv_arc.o
       452          0          0          0          0       5826   lv_area.o
         0          0          0          0          0       1908   lv_async.o
         0          0          0          0          0      12843   lv_bar.o
         0          0          0          0          0       7448   lv_bidi.o
      4452        258         37         36          0      21647   lv_btnm.o
        98          0          0          0          0       2121   lv_circ.o
       164          8         17          0          0      24620   lv_debug.o
        66          0          0          0          0      22140   lv_disp.o
       228         36         36         36          0      18453   lv_draw.o
      2622         34          0          2        640      25619   lv_draw_basic.o
       118         16          0          0          0      11942   lv_draw_img.o
      1434         22          0          0          0      14358   lv_draw_label.o
     11572         16         17          0          0      28017   lv_draw_rect.o
        84          0          0          0          0       7497   lv_font.o
      1810         92          0         16          0      13721   lv_font_fmt_txt.o
         0          0          0          0          0       1720   lv_font_roboto_12.o
         0          0      13288         44          0       2172   lv_font_roboto_16.o
       512         34          0          0          0       7614   lv_fs.o
         0          0          0         12         96       7810   lv_gc.o
       666         38          0          0          0      24704   lv_group.o
       554         42          2          4          0      31353   lv_hal_disp.o
        28          4          0          0          0      23874   lv_hal_indev.o
        86         20          0          5          0       2352   lv_hal_tick.o
       268         36          0          2          0      14464   lv_img_cache.o
      2274        104          0          0          0      23179   lv_img_decoder.o
       158          6          0          8          0       6933   lv_indev.o
       780          0          0          0          0       9349   lv_ll.o
       508         30          0          8      32768       6206   lv_mem.o
      6066        702          0         12          0      42212   lv_obj.o
      2016         48          0          8          0      11187   lv_refr.o
      1442         72         22          0        832      10294   lv_style.o
      1014        126          0         20          0       8010   lv_task.o
        12          6          0          4          0      28877   lv_theme.o
      1866         58          0         32          0      14823   lv_txt.o
        84          0          0          0          0        927   lv_utils.o
       750        196         53         72       6456      58273   main.o
       802         58          0         40          0       5822   pcf8523.o
       600         40        156          0          0       6641   pll.o
       360         42          0          0          0       1472   ssi0.o
       324         20        512          0        512       6036   startup_tm4c129.o
        32         12          0          4          0        727   system_tm4c129.o
        80          6          0          0          0       1581   systick.o
        20          6          0          0          0        478   timer0a.o
       124         22          0          0          0        519   touchscreen.o
       292         28          0          8          0       3567   uart0.o
        76         16          0          1          0        516   uart2.o

    ----------------------------------------------------------------------
     49140       2574      16242        440      41368     657987   Object Totals
         0          0         32          0          0          0   (incl. Generated)
        44          0         18         11          0          0   (incl. Padding)

    ----------------------------------------------------------------------

      Code (inc. data)   RO Data    RW Data    ZI Data      Debug   Library Member Name

        90          0          0          0          0          0   __dczerorl2.o
         8          0          0          0          0         68   __main.o
       104          0          0          0          0         84   __printf.o
         0          0          0          0          0          0   __rtentry.o
        12          0          0          0          0          0   __rtentry2.o
         6          0          0          0          0          0   __rtentry4.o
        52          8          0          0          0          0   __scatter.o
        28          0          0          0          0          0   __scatter_zi.o
        44          0          0          0          0        108   _printf_char.o
        48          6          0          0          0         96   _printf_char_common.o
        36          4          0          0          0         80   _printf_char_file.o
         6          0          0          0          0          0   _printf_d.o
       120         16          0          0          0         92   _printf_dec.o
       178          0          0          0          0         88   _printf_intcommon.o
         0          0          0          0          0          0   _printf_percent.o
         4          0          0          0          0          0   _printf_percent_end.o
         6          0          0          0          0          0   _printf_s.o
        82          0          0          0          0         80   _printf_str.o
        18          0          0          0          0         80   exit.o
         6          0          0          0          0        152   heapauxi.o
         0          0          0          0          0          0   indicate_semi.o
         2          0          0          0          0          0   libinit.o
         6          0          0          0          0          0   libinit2.o
         2          0          0          0          0          0   libshutdown.o
         2          0          0          0          0          0   libshutdown2.o
         8          4          0          0         96         68   libspace.o
        24          4          0          0          0         84   noretval__2printf.o
        68          0          0          0          0         68   rt_memclr.o
        78          0          0          0          0         80   rt_memclr_w.o
       138          0          0          0          0         68   rt_memcpy_v6.o
       100          0          0          0          0         80   rt_memcpy_w.o
         2          0          0          0          0          0   rtexit.o
        10          0          0          0          0          0   rtexit2.o
       128          0          0          0          0         68   strcmpv7m.o
        62          0          0          0          0         76   strlen.o
        12          4          0          0          0         68   sys_exit.o
        74          0          0          0          0         80   sys_stackheap_outer.o
         2          0          0          0          0         68   use_no_semi.o
        10          0          0          0          0        116   fpinit.o

    ----------------------------------------------------------------------
      1586         46          0          0         96       1852   Library Totals
        10          0          0          0          0          0   (incl. Padding)

    ----------------------------------------------------------------------

      Code (inc. data)   RO Data    RW Data    ZI Data      Debug   Library Name

      1566         46          0          0         96       1736   c_w.l
        10          0          0          0          0        116   fz_wm.l

    ----------------------------------------------------------------------
      1586         46          0          0         96       1852   Library Totals

    ----------------------------------------------------------------------

==============================================================================


      Code (inc. data)   RO Data    RW Data    ZI Data      Debug   

     50726       2620      16242        440      41464     629555   Grand Totals
     50726       2620      16242        196      41464     629555   ELF Image Totals (compressed)
     50726       2620      16242        196          0          0   ROM Totals

==============================================================================

    Total RO  Size (Code + RO Data)                66968 (  65.40kB)
    Total RW  Size (RW Data + ZI Data)             41904 (  40.92kB)
    Total ROM Size (Code + RO Data + RW Data)      67164 (  65.59kB)

==============================================================================

